Archive member included because of file (symbol)

/Users/ravalbrijen/workspace/raspi/Raspberry-Pi-/newlib-1.18.0/arm-none-eabi/newlib/libc.a(lib_a-malloc.o)
                              src/raspi/main.o (malloc)
/Users/ravalbrijen/workspace/raspi/Raspberry-Pi-/newlib-1.18.0/arm-none-eabi/newlib/libc.a(lib_a-mallocr.o)
                              /Users/ravalbrijen/workspace/raspi/Raspberry-Pi-/newlib-1.18.0/arm-none-eabi/newlib/libc.a(lib_a-malloc.o) (_malloc_r)
/Users/ravalbrijen/workspace/raspi/Raspberry-Pi-/newlib-1.18.0/arm-none-eabi/newlib/libc.a(lib_a-mlock.o)
                              /Users/ravalbrijen/workspace/raspi/Raspberry-Pi-/newlib-1.18.0/arm-none-eabi/newlib/libc.a(lib_a-mallocr.o) (__malloc_lock)
/Users/ravalbrijen/workspace/raspi/Raspberry-Pi-/newlib-1.18.0/arm-none-eabi/newlib/libc.a(lib_a-printf.o)
                              src/raspi/main.o (printf)
/Users/ravalbrijen/workspace/raspi/Raspberry-Pi-/newlib-1.18.0/arm-none-eabi/newlib/libc.a(lib_a-sbrkr.o)
                              /Users/ravalbrijen/workspace/raspi/Raspberry-Pi-/newlib-1.18.0/arm-none-eabi/newlib/libc.a(lib_a-mallocr.o) (_sbrk_r)
/Users/ravalbrijen/workspace/raspi/Raspberry-Pi-/newlib-1.18.0/arm-none-eabi/newlib/libc.a(lib_a-vfprintf.o)
                              /Users/ravalbrijen/workspace/raspi/Raspberry-Pi-/newlib-1.18.0/arm-none-eabi/newlib/libc.a(lib_a-printf.o) (_vfprintf_r)
/Users/ravalbrijen/workspace/raspi/Raspberry-Pi-/newlib-1.18.0/arm-none-eabi/newlib/libc.a(lib_a-wsetup.o)
                              /Users/ravalbrijen/workspace/raspi/Raspberry-Pi-/newlib-1.18.0/arm-none-eabi/newlib/libc.a(lib_a-vfprintf.o) (__swsetup_r)
/Users/ravalbrijen/workspace/raspi/Raspberry-Pi-/newlib-1.18.0/arm-none-eabi/newlib/libc.a(lib_a-dtoa.o)
                              /Users/ravalbrijen/workspace/raspi/Raspberry-Pi-/newlib-1.18.0/arm-none-eabi/newlib/libc.a(lib_a-vfprintf.o) (_dtoa_r)
/Users/ravalbrijen/workspace/raspi/Raspberry-Pi-/newlib-1.18.0/arm-none-eabi/newlib/libc.a(lib_a-fflush.o)
                              /Users/ravalbrijen/workspace/raspi/Raspberry-Pi-/newlib-1.18.0/arm-none-eabi/newlib/libc.a(lib_a-vfprintf.o) (_fflush_r)
/Users/ravalbrijen/workspace/raspi/Raspberry-Pi-/newlib-1.18.0/arm-none-eabi/newlib/libc.a(lib_a-findfp.o)
                              /Users/ravalbrijen/workspace/raspi/Raspberry-Pi-/newlib-1.18.0/arm-none-eabi/newlib/libc.a(lib_a-vfprintf.o) (__sinit)
/Users/ravalbrijen/workspace/raspi/Raspberry-Pi-/newlib-1.18.0/arm-none-eabi/newlib/libc.a(lib_a-freer.o)
                              /Users/ravalbrijen/workspace/raspi/Raspberry-Pi-/newlib-1.18.0/arm-none-eabi/newlib/libc.a(lib_a-malloc.o) (_free_r)
/Users/ravalbrijen/workspace/raspi/Raspberry-Pi-/newlib-1.18.0/arm-none-eabi/newlib/libc.a(lib_a-fwalk.o)
                              /Users/ravalbrijen/workspace/raspi/Raspberry-Pi-/newlib-1.18.0/arm-none-eabi/newlib/libc.a(lib_a-findfp.o) (_fwalk)
/Users/ravalbrijen/workspace/raspi/Raspberry-Pi-/newlib-1.18.0/arm-none-eabi/newlib/libc.a(lib_a-impure.o)
                              /Users/ravalbrijen/workspace/raspi/Raspberry-Pi-/newlib-1.18.0/arm-none-eabi/newlib/libc.a(lib_a-fflush.o) (_global_impure_ptr)
/Users/ravalbrijen/workspace/raspi/Raspberry-Pi-/newlib-1.18.0/arm-none-eabi/newlib/libc.a(lib_a-locale.o)
                              /Users/ravalbrijen/workspace/raspi/Raspberry-Pi-/newlib-1.18.0/arm-none-eabi/newlib/libc.a(lib_a-vfprintf.o) (_localeconv_r)
/Users/ravalbrijen/workspace/raspi/Raspberry-Pi-/newlib-1.18.0/arm-none-eabi/newlib/libc.a(lib_a-makebuf.o)
                              /Users/ravalbrijen/workspace/raspi/Raspberry-Pi-/newlib-1.18.0/arm-none-eabi/newlib/libc.a(lib_a-wsetup.o) (__smakebuf_r)
/Users/ravalbrijen/workspace/raspi/Raspberry-Pi-/newlib-1.18.0/arm-none-eabi/newlib/libc.a(lib_a-memchr.o)
                              /Users/ravalbrijen/workspace/raspi/Raspberry-Pi-/newlib-1.18.0/arm-none-eabi/newlib/libc.a(lib_a-vfprintf.o) (memchr)
/Users/ravalbrijen/workspace/raspi/Raspberry-Pi-/newlib-1.18.0/arm-none-eabi/newlib/libc.a(lib_a-memcpy.o)
                              /Users/ravalbrijen/workspace/raspi/Raspberry-Pi-/newlib-1.18.0/arm-none-eabi/newlib/libc.a(lib_a-dtoa.o) (memcpy)
/Users/ravalbrijen/workspace/raspi/Raspberry-Pi-/newlib-1.18.0/arm-none-eabi/newlib/libc.a(lib_a-memset.o)
                              /Users/ravalbrijen/workspace/raspi/Raspberry-Pi-/newlib-1.18.0/arm-none-eabi/newlib/libc.a(lib_a-findfp.o) (memset)
/Users/ravalbrijen/workspace/raspi/Raspberry-Pi-/newlib-1.18.0/arm-none-eabi/newlib/libc.a(lib_a-mprec.o)
                              /Users/ravalbrijen/workspace/raspi/Raspberry-Pi-/newlib-1.18.0/arm-none-eabi/newlib/libc.a(lib_a-dtoa.o) (_Balloc)
/Users/ravalbrijen/workspace/raspi/Raspberry-Pi-/newlib-1.18.0/arm-none-eabi/newlib/libc.a(lib_a-reent.o)
                              /Users/ravalbrijen/workspace/raspi/Raspberry-Pi-/newlib-1.18.0/arm-none-eabi/newlib/libc.a(lib_a-sbrkr.o) (errno)
/Users/ravalbrijen/workspace/raspi/Raspberry-Pi-/newlib-1.18.0/arm-none-eabi/newlib/libc.a(lib_a-s_fpclassify.o)
                              /Users/ravalbrijen/workspace/raspi/Raspberry-Pi-/newlib-1.18.0/arm-none-eabi/newlib/libc.a(lib_a-vfprintf.o) (__fpclassifyd)
/Users/ravalbrijen/workspace/raspi/Raspberry-Pi-/newlib-1.18.0/arm-none-eabi/newlib/libc.a(lib_a-stdio.o)
                              /Users/ravalbrijen/workspace/raspi/Raspberry-Pi-/newlib-1.18.0/arm-none-eabi/newlib/libc.a(lib_a-findfp.o) (__sread)
/Users/ravalbrijen/workspace/raspi/Raspberry-Pi-/newlib-1.18.0/arm-none-eabi/newlib/libc.a(lib_a-strcmp.o)
                              /Users/ravalbrijen/workspace/raspi/Raspberry-Pi-/newlib-1.18.0/arm-none-eabi/newlib/libc.a(lib_a-locale.o) (strcmp)
/Users/ravalbrijen/workspace/raspi/Raspberry-Pi-/newlib-1.18.0/arm-none-eabi/newlib/libc.a(lib_a-strlen.o)
                              /Users/ravalbrijen/workspace/raspi/Raspberry-Pi-/newlib-1.18.0/arm-none-eabi/newlib/libc.a(lib_a-vfprintf.o) (strlen)
/Users/ravalbrijen/workspace/raspi/Raspberry-Pi-/newlib-1.18.0/arm-none-eabi/newlib/libc.a(lib_a-vfiprintf.o)
                              /Users/ravalbrijen/workspace/raspi/Raspberry-Pi-/newlib-1.18.0/arm-none-eabi/newlib/libc.a(lib_a-vfprintf.o) (__sprint_r)
/Users/ravalbrijen/workspace/raspi/Raspberry-Pi-/newlib-1.18.0/arm-none-eabi/newlib/libc.a(lib_a-writer.o)
                              /Users/ravalbrijen/workspace/raspi/Raspberry-Pi-/newlib-1.18.0/arm-none-eabi/newlib/libc.a(lib_a-stdio.o) (_write_r)
/Users/ravalbrijen/workspace/raspi/Raspberry-Pi-/newlib-1.18.0/arm-none-eabi/newlib/libc.a(lib_a-callocr.o)
                              /Users/ravalbrijen/workspace/raspi/Raspberry-Pi-/newlib-1.18.0/arm-none-eabi/newlib/libc.a(lib_a-mprec.o) (_calloc_r)
/Users/ravalbrijen/workspace/raspi/Raspberry-Pi-/newlib-1.18.0/arm-none-eabi/newlib/libc.a(lib_a-closer.o)
                              /Users/ravalbrijen/workspace/raspi/Raspberry-Pi-/newlib-1.18.0/arm-none-eabi/newlib/libc.a(lib_a-stdio.o) (_close_r)
/Users/ravalbrijen/workspace/raspi/Raspberry-Pi-/newlib-1.18.0/arm-none-eabi/newlib/libc.a(lib_a-fclose.o)
                              /Users/ravalbrijen/workspace/raspi/Raspberry-Pi-/newlib-1.18.0/arm-none-eabi/newlib/libc.a(lib_a-findfp.o) (fclose)
/Users/ravalbrijen/workspace/raspi/Raspberry-Pi-/newlib-1.18.0/arm-none-eabi/newlib/libc.a(lib_a-fputwc.o)
                              /Users/ravalbrijen/workspace/raspi/Raspberry-Pi-/newlib-1.18.0/arm-none-eabi/newlib/libc.a(lib_a-vfiprintf.o) (_fputwc_r)
/Users/ravalbrijen/workspace/raspi/Raspberry-Pi-/newlib-1.18.0/arm-none-eabi/newlib/libc.a(lib_a-fstatr.o)
                              /Users/ravalbrijen/workspace/raspi/Raspberry-Pi-/newlib-1.18.0/arm-none-eabi/newlib/libc.a(lib_a-makebuf.o) (_fstat_r)
/Users/ravalbrijen/workspace/raspi/Raspberry-Pi-/newlib-1.18.0/arm-none-eabi/newlib/libc.a(lib_a-fvwrite.o)
                              /Users/ravalbrijen/workspace/raspi/Raspberry-Pi-/newlib-1.18.0/arm-none-eabi/newlib/libc.a(lib_a-vfiprintf.o) (__sfvwrite_r)
/Users/ravalbrijen/workspace/raspi/Raspberry-Pi-/newlib-1.18.0/arm-none-eabi/newlib/libc.a(lib_a-isattyr.o)
                              /Users/ravalbrijen/workspace/raspi/Raspberry-Pi-/newlib-1.18.0/arm-none-eabi/newlib/libc.a(lib_a-makebuf.o) (_isatty_r)
/Users/ravalbrijen/workspace/raspi/Raspberry-Pi-/newlib-1.18.0/arm-none-eabi/newlib/libc.a(lib_a-lseekr.o)
                              /Users/ravalbrijen/workspace/raspi/Raspberry-Pi-/newlib-1.18.0/arm-none-eabi/newlib/libc.a(lib_a-stdio.o) (_lseek_r)
/Users/ravalbrijen/workspace/raspi/Raspberry-Pi-/newlib-1.18.0/arm-none-eabi/newlib/libc.a(lib_a-memmove.o)
                              /Users/ravalbrijen/workspace/raspi/Raspberry-Pi-/newlib-1.18.0/arm-none-eabi/newlib/libc.a(lib_a-fvwrite.o) (memmove)
/Users/ravalbrijen/workspace/raspi/Raspberry-Pi-/newlib-1.18.0/arm-none-eabi/newlib/libc.a(lib_a-readr.o)
                              /Users/ravalbrijen/workspace/raspi/Raspberry-Pi-/newlib-1.18.0/arm-none-eabi/newlib/libc.a(lib_a-stdio.o) (_read_r)
/Users/ravalbrijen/workspace/raspi/Raspberry-Pi-/newlib-1.18.0/arm-none-eabi/newlib/libc.a(lib_a-reallocr.o)
                              /Users/ravalbrijen/workspace/raspi/Raspberry-Pi-/newlib-1.18.0/arm-none-eabi/newlib/libc.a(lib_a-fvwrite.o) (_realloc_r)
/Users/ravalbrijen/workspace/raspi/Raspberry-Pi-/newlib-1.18.0/arm-none-eabi/newlib/libc.a(lib_a-wbuf.o)
                              /Users/ravalbrijen/workspace/raspi/Raspberry-Pi-/newlib-1.18.0/arm-none-eabi/newlib/libc.a(lib_a-fputwc.o) (__swbuf_r)
/Users/ravalbrijen/workspace/raspi/Raspberry-Pi-/newlib-1.18.0/arm-none-eabi/newlib/libc.a(lib_a-wcrtomb.o)
                              /Users/ravalbrijen/workspace/raspi/Raspberry-Pi-/newlib-1.18.0/arm-none-eabi/newlib/libc.a(lib_a-fputwc.o) (_wcrtomb_r)
/Users/ravalbrijen/workspace/raspi/Raspberry-Pi-/newlib-1.18.0/arm-none-eabi/newlib/libc.a(lib_a-wctomb_r.o)
                              /Users/ravalbrijen/workspace/raspi/Raspberry-Pi-/newlib-1.18.0/arm-none-eabi/newlib/libc.a(lib_a-wcrtomb.o) (__wctomb)

Allocating common symbols
Common symbol       size              file

errno               0x4               /Users/ravalbrijen/workspace/raspi/Raspberry-Pi-/newlib-1.18.0/arm-none-eabi/newlib/libc.a(lib_a-reent.o)
icount              0x4               src/raspi/interrupts.o

Memory Configuration

Name             Origin             Length             Attributes
ram              0x00000000         0x10000000
*default*        0x00000000         0xffffffff

Linker script and memory map

LOAD src/raspi/setup.o
LOAD src/raspi/vectors.o
LOAD src/raspi/interrupts.o
LOAD src/raspi/main.o
LOAD src/raspi/serial.o
LOAD src/raspi/timer.o

.text           0x00000000     0x91b8
 *(.text)
 .text          0x00000000      0x60c src/raspi/setup.o
                0x00000000                _init
                0x000000dc                dummy
                0x000000e0                enable_irq
                0x000005f0                supervisor_sp
                0x000005f0                exc_stack
 .text          0x0000060c       0x2c src/raspi/vectors.o
                0x0000060c                PUT32
                0x00000614                PUT16
                0x0000061c                PUT8
                0x00000624                GET32
                0x0000062c                GETPC
                0x00000634                BRANCHTO
 .text          0x00000638       0x70 src/raspi/interrupts.o
                0x00000638                c_irq_handler
 .text          0x000006a8       0xf0 src/raspi/main.o
                0x000006a8                not_main
                0x00000750                delay
 .text          0x00000798      0x260 src/raspi/serial.o
                0x00000798                serial_init
                0x000008f0                print_s
                0x00000940                print_ch
                0x00000990                get_char
 .text          0x000009f8       0x9c src/raspi/timer.o
                0x000009f8                timer_init
 .text          0x00000a94       0x40 /Users/ravalbrijen/workspace/raspi/Raspberry-Pi-/newlib-1.18.0/arm-none-eabi/newlib/libc.a(lib_a-malloc.o)
                0x00000a94                malloc
                0x00000ab4                free
 .text          0x00000ad4      0x714 /Users/ravalbrijen/workspace/raspi/Raspberry-Pi-/newlib-1.18.0/arm-none-eabi/newlib/libc.a(lib_a-mallocr.o)
                0x00000ad4                _malloc_r
 .text          0x000011e8        0x8 /Users/ravalbrijen/workspace/raspi/Raspberry-Pi-/newlib-1.18.0/arm-none-eabi/newlib/libc.a(lib_a-mlock.o)
                0x000011e8                __malloc_lock
                0x000011ec                __malloc_unlock
 .text          0x000011f0       0x74 /Users/ravalbrijen/workspace/raspi/Raspberry-Pi-/newlib-1.18.0/arm-none-eabi/newlib/libc.a(lib_a-printf.o)
                0x000011f0                _printf_r
                0x00001224                printf
 .text          0x00001264       0x40 /Users/ravalbrijen/workspace/raspi/Raspberry-Pi-/newlib-1.18.0/arm-none-eabi/newlib/libc.a(lib_a-sbrkr.o)
                0x00001264                _sbrk_r
 .text          0x000012a4     0x1f9c /Users/ravalbrijen/workspace/raspi/Raspberry-Pi-/newlib-1.18.0/arm-none-eabi/newlib/libc.a(lib_a-vfprintf.o)
                0x000012a4                _vfprintf_r
                0x00003214                vfprintf
 .text          0x00003240      0x12c /Users/ravalbrijen/workspace/raspi/Raspberry-Pi-/newlib-1.18.0/arm-none-eabi/newlib/libc.a(lib_a-wsetup.o)
                0x00003240                __swsetup_r
 *fill*         0x0000336c        0x4 00
 .text          0x00003370     0x18a8 /Users/ravalbrijen/workspace/raspi/Raspberry-Pi-/newlib-1.18.0/arm-none-eabi/newlib/libc.a(lib_a-dtoa.o)
                0x00003568                _dtoa_r
 .text          0x00004c18      0x298 /Users/ravalbrijen/workspace/raspi/Raspberry-Pi-/newlib-1.18.0/arm-none-eabi/newlib/libc.a(lib_a-fflush.o)
                0x00004c18                _fflush_r
                0x00004e70                fflush
 .text          0x00004eb0      0x2e8 /Users/ravalbrijen/workspace/raspi/Raspberry-Pi-/newlib-1.18.0/arm-none-eabi/newlib/libc.a(lib_a-findfp.o)
                0x00004ec0                _cleanup_r
                0x00004f54                __sfmoreglue
                0x00004f9c                _cleanup
                0x00004fac                __sinit
                0x00005024                __sfp
                0x00005140                __sfp_lock_acquire
                0x00005144                __sfp_lock_release
                0x00005148                __sinit_lock_acquire
                0x0000514c                __sinit_lock_release
                0x00005150                __fp_lock_all
                0x00005174                __fp_unlock_all
 .text          0x00005198      0x360 /Users/ravalbrijen/workspace/raspi/Raspberry-Pi-/newlib-1.18.0/arm-none-eabi/newlib/libc.a(lib_a-freer.o)
                0x00005198                _malloc_trim_r
                0x00005294                _free_r
 .text          0x000054f8      0x10c /Users/ravalbrijen/workspace/raspi/Raspberry-Pi-/newlib-1.18.0/arm-none-eabi/newlib/libc.a(lib_a-fwalk.o)
                0x000054f8                _fwalk
                0x0000557c                _fwalk_reent
 .text          0x00005604        0x0 /Users/ravalbrijen/workspace/raspi/Raspberry-Pi-/newlib-1.18.0/arm-none-eabi/newlib/libc.a(lib_a-impure.o)
 .text          0x00005604       0xc0 /Users/ravalbrijen/workspace/raspi/Raspberry-Pi-/newlib-1.18.0/arm-none-eabi/newlib/libc.a(lib_a-locale.o)
                0x00005604                _setlocale_r
                0x00005670                __locale_charset
                0x0000567c                __locale_msgcharset
                0x00005688                __locale_cjk_lang
                0x00005690                _localeconv_r
                0x0000569c                setlocale
                0x000056b8                localeconv
 .text          0x000056c4      0x160 /Users/ravalbrijen/workspace/raspi/Raspberry-Pi-/newlib-1.18.0/arm-none-eabi/newlib/libc.a(lib_a-makebuf.o)
                0x000056c4                __smakebuf_r
 .text          0x00005824      0x100 /Users/ravalbrijen/workspace/raspi/Raspberry-Pi-/newlib-1.18.0/arm-none-eabi/newlib/libc.a(lib_a-memchr.o)
                0x00005824                memchr
 .text          0x00005924       0xe8 /Users/ravalbrijen/workspace/raspi/Raspberry-Pi-/newlib-1.18.0/arm-none-eabi/newlib/libc.a(lib_a-memcpy.o)
                0x00005924                memcpy
 .text          0x00005a0c       0xf0 /Users/ravalbrijen/workspace/raspi/Raspberry-Pi-/newlib-1.18.0/arm-none-eabi/newlib/libc.a(lib_a-memset.o)
                0x00005a0c                memset
 .text          0x00005afc      0xd2c /Users/ravalbrijen/workspace/raspi/Raspberry-Pi-/newlib-1.18.0/arm-none-eabi/newlib/libc.a(lib_a-mprec.o)
                0x00005afc                _Balloc
                0x00005b88                _Bfree
                0x00005ba4                __multadd
                0x00005c80                __s2b
                0x00005d68                __hi0bits
                0x00005db8                __lo0bits
                0x00005e48                __i2b
                0x00005e6c                __multiply
                0x00006068                __pow5mult
                0x0000615c                __lshift
                0x00006258                __mcmp
                0x000062bc                __mdiff
                0x0000640c                __ulp
                0x00006468                __b2d
                0x00006530                __d2b
                0x0000663c                __ratio
                0x000066cc                _mprec_log10
                0x00006720                __copybits
                0x00006794                __any_on
 .text          0x00006828      0x1a8 /Users/ravalbrijen/workspace/raspi/Raspberry-Pi-/newlib-1.18.0/arm-none-eabi/newlib/libc.a(lib_a-reent.o)
                0x00006828                cleanup_glue
                0x00006854                _reclaim_reent
                0x0000695c                _wrapup_reent
 .text          0x000069d0       0x84 /Users/ravalbrijen/workspace/raspi/Raspberry-Pi-/newlib-1.18.0/arm-none-eabi/newlib/libc.a(lib_a-s_fpclassify.o)
                0x000069d0                __fpclassifyd
 .text          0x00006a54       0xdc /Users/ravalbrijen/workspace/raspi/Raspberry-Pi-/newlib-1.18.0/arm-none-eabi/newlib/libc.a(lib_a-stdio.o)
                0x00006a54                __sread
                0x00006a88                __seofread
                0x00006a90                __swrite
                0x00006ae8                __sseek
                0x00006b1c                __sclose
 .text          0x00006b30      0x230 /Users/ravalbrijen/workspace/raspi/Raspberry-Pi-/newlib-1.18.0/arm-none-eabi/newlib/libc.a(lib_a-strcmp.o)
                0x00006b30                strcmp
 .text          0x00006d60       0x60 /Users/ravalbrijen/workspace/raspi/Raspberry-Pi-/newlib-1.18.0/arm-none-eabi/newlib/libc.a(lib_a-strlen.o)
                0x00006d60                strlen
 .text          0x00006dc0     0x10ec /Users/ravalbrijen/workspace/raspi/Raspberry-Pi-/newlib-1.18.0/arm-none-eabi/newlib/libc.a(lib_a-vfiprintf.o)
                0x00006dc0                __sprint_r
                0x00006e80                _vfiprintf_r
                0x00007e80                vfiprintf
 .text          0x00007eac       0x44 /Users/ravalbrijen/workspace/raspi/Raspberry-Pi-/newlib-1.18.0/arm-none-eabi/newlib/libc.a(lib_a-writer.o)
                0x00007eac                _write_r
 .text          0x00007ef0       0x90 /Users/ravalbrijen/workspace/raspi/Raspberry-Pi-/newlib-1.18.0/arm-none-eabi/newlib/libc.a(lib_a-callocr.o)
                0x00007ef0                _calloc_r
 .text          0x00007f80       0x3c /Users/ravalbrijen/workspace/raspi/Raspberry-Pi-/newlib-1.18.0/arm-none-eabi/newlib/libc.a(lib_a-closer.o)
                0x00007f80                _close_r
 .text          0x00007fbc      0x10c /Users/ravalbrijen/workspace/raspi/Raspberry-Pi-/newlib-1.18.0/arm-none-eabi/newlib/libc.a(lib_a-fclose.o)
                0x00007fbc                _fclose_r
                0x000080b4                fclose
 .text          0x000080c8      0x1a8 /Users/ravalbrijen/workspace/raspi/Raspberry-Pi-/newlib-1.18.0/arm-none-eabi/newlib/libc.a(lib_a-fputwc.o)
                0x000080c8                _fputwc_r
                0x00008224                fputwc
 .text          0x00008270       0x40 /Users/ravalbrijen/workspace/raspi/Raspberry-Pi-/newlib-1.18.0/arm-none-eabi/newlib/libc.a(lib_a-fstatr.o)
                0x00008270                _fstat_r
 .text          0x000082b0      0x4ac /Users/ravalbrijen/workspace/raspi/Raspberry-Pi-/newlib-1.18.0/arm-none-eabi/newlib/libc.a(lib_a-fvwrite.o)
                0x000082b0                __sfvwrite_r
 .text          0x0000875c       0x3c /Users/ravalbrijen/workspace/raspi/Raspberry-Pi-/newlib-1.18.0/arm-none-eabi/newlib/libc.a(lib_a-isattyr.o)
                0x0000875c                _isatty_r
 .text          0x00008798       0x44 /Users/ravalbrijen/workspace/raspi/Raspberry-Pi-/newlib-1.18.0/arm-none-eabi/newlib/libc.a(lib_a-lseekr.o)
                0x00008798                _lseek_r
 .text          0x000087dc      0x138 /Users/ravalbrijen/workspace/raspi/Raspberry-Pi-/newlib-1.18.0/arm-none-eabi/newlib/libc.a(lib_a-memmove.o)
                0x000087dc                memmove
 .text          0x00008914       0x44 /Users/ravalbrijen/workspace/raspi/Raspberry-Pi-/newlib-1.18.0/arm-none-eabi/newlib/libc.a(lib_a-readr.o)
                0x00008914                _read_r
 .text          0x00008958      0x55c /Users/ravalbrijen/workspace/raspi/Raspberry-Pi-/newlib-1.18.0/arm-none-eabi/newlib/libc.a(lib_a-reallocr.o)
                0x00008958                _realloc_r
 .text          0x00008eb4      0x158 /Users/ravalbrijen/workspace/raspi/Raspberry-Pi-/newlib-1.18.0/arm-none-eabi/newlib/libc.a(lib_a-wbuf.o)
                0x00008eb4                __swbuf_r
                0x00008ff0                __swbuf
 .text          0x0000900c      0x130 /Users/ravalbrijen/workspace/raspi/Raspberry-Pi-/newlib-1.18.0/arm-none-eabi/newlib/libc.a(lib_a-wcrtomb.o)
                0x0000900c                _wcrtomb_r
                0x00009098                wcrtomb
 .text          0x0000913c       0x7c /Users/ravalbrijen/workspace/raspi/Raspberry-Pi-/newlib-1.18.0/arm-none-eabi/newlib/libc.a(lib_a-wctomb_r.o)
                0x0000913c                __ascii_wctomb
                0x00009168                _wctomb_r
                0x000091b8                text_size = SIZEOF (.text)

.rodata         0x000091b8      0x1d0
 .rodata        0x000091b8       0x28 src/raspi/main.o
 .rodata        0x000091e0       0x20 /Users/ravalbrijen/workspace/raspi/Raspberry-Pi-/newlib-1.18.0/arm-none-eabi/newlib/libc.a(lib_a-vfprintf.o)
 .rodata        0x00009200        0x4 /Users/ravalbrijen/workspace/raspi/Raspberry-Pi-/newlib-1.18.0/arm-none-eabi/newlib/libc.a(lib_a-impure.o)
                0x00009200                _global_impure_ptr
 .rodata        0x00009204       0x38 /Users/ravalbrijen/workspace/raspi/Raspberry-Pi-/newlib-1.18.0/arm-none-eabi/newlib/libc.a(lib_a-locale.o)
 *fill*         0x0000923c        0x4 00
 .rodata        0x00009240      0x128 /Users/ravalbrijen/workspace/raspi/Raspberry-Pi-/newlib-1.18.0/arm-none-eabi/newlib/libc.a(lib_a-mprec.o)
                0x00009250                __mprec_tens
                0x00009318                __mprec_tinytens
                0x00009340                __mprec_bigtens
 .rodata        0x00009368       0x20 /Users/ravalbrijen/workspace/raspi/Raspberry-Pi-/newlib-1.18.0/arm-none-eabi/newlib/libc.a(lib_a-vfiprintf.o)

.rodata.str1.4  0x00009388       0x64
 .rodata.str1.4
                0x00009388       0x42 /Users/ravalbrijen/workspace/raspi/Raspberry-Pi-/newlib-1.18.0/arm-none-eabi/newlib/libc.a(lib_a-vfprintf.o)
                                 0x44 (size before relaxing)
 *fill*         0x000093ca        0x2 00
 .rodata.str1.4
                0x000093cc       0x10 /Users/ravalbrijen/workspace/raspi/Raspberry-Pi-/newlib-1.18.0/arm-none-eabi/newlib/libc.a(lib_a-dtoa.o)
                                 0x14 (size before relaxing)
 .rodata.str1.4
                0x000093dc        0x2 /Users/ravalbrijen/workspace/raspi/Raspberry-Pi-/newlib-1.18.0/arm-none-eabi/newlib/libc.a(lib_a-impure.o)
                                  0x4 (size before relaxing)
 *fill*         0x000093de        0x2 00
 .rodata.str1.4
                0x000093e0        0xc /Users/ravalbrijen/workspace/raspi/Raspberry-Pi-/newlib-1.18.0/arm-none-eabi/newlib/libc.a(lib_a-locale.o)
                                 0x14 (size before relaxing)
 .rodata.str1.4
                0x00000000       0x30 /Users/ravalbrijen/workspace/raspi/Raspberry-Pi-/newlib-1.18.0/arm-none-eabi/newlib/libc.a(lib_a-vfiprintf.o)

.glue_7         0x000093ec        0x0
 .glue_7        0x00000000        0x0 linker stubs

.glue_7t        0x000093ec        0x0
 .glue_7t       0x00000000        0x0 linker stubs

.vfp11_veneer   0x000093ec        0x0
 .vfp11_veneer  0x00000000        0x0 linker stubs

.v4_bx          0x000093ec        0x0
 .v4_bx         0x00000000        0x0 linker stubs

.data           0x000093f0      0x888
 *(.data)
 .data          0x000093f0        0x0 src/raspi/setup.o
 .data          0x000093f0        0x0 src/raspi/vectors.o
 .data          0x000093f0        0x0 src/raspi/interrupts.o
 .data          0x000093f0        0x0 src/raspi/main.o
 .data          0x000093f0        0x0 src/raspi/serial.o
 .data          0x000093f0        0x0 src/raspi/timer.o
 .data          0x000093f0        0x0 /Users/ravalbrijen/workspace/raspi/Raspberry-Pi-/newlib-1.18.0/arm-none-eabi/newlib/libc.a(lib_a-malloc.o)
 .data          0x000093f0      0x410 /Users/ravalbrijen/workspace/raspi/Raspberry-Pi-/newlib-1.18.0/arm-none-eabi/newlib/libc.a(lib_a-mallocr.o)
                0x000093f0                __malloc_av_
                0x000097f8                __malloc_sbrk_base
                0x000097fc                __malloc_trim_threshold
 .data          0x00009800        0x0 /Users/ravalbrijen/workspace/raspi/Raspberry-Pi-/newlib-1.18.0/arm-none-eabi/newlib/libc.a(lib_a-mlock.o)
 .data          0x00009800        0x0 /Users/ravalbrijen/workspace/raspi/Raspberry-Pi-/newlib-1.18.0/arm-none-eabi/newlib/libc.a(lib_a-printf.o)
 .data          0x00009800        0x0 /Users/ravalbrijen/workspace/raspi/Raspberry-Pi-/newlib-1.18.0/arm-none-eabi/newlib/libc.a(lib_a-sbrkr.o)
 .data          0x00009800        0x0 /Users/ravalbrijen/workspace/raspi/Raspberry-Pi-/newlib-1.18.0/arm-none-eabi/newlib/libc.a(lib_a-vfprintf.o)
 .data          0x00009800        0x0 /Users/ravalbrijen/workspace/raspi/Raspberry-Pi-/newlib-1.18.0/arm-none-eabi/newlib/libc.a(lib_a-wsetup.o)
 .data          0x00009800        0x0 /Users/ravalbrijen/workspace/raspi/Raspberry-Pi-/newlib-1.18.0/arm-none-eabi/newlib/libc.a(lib_a-dtoa.o)
 .data          0x00009800        0x0 /Users/ravalbrijen/workspace/raspi/Raspberry-Pi-/newlib-1.18.0/arm-none-eabi/newlib/libc.a(lib_a-fflush.o)
 .data          0x00009800        0x0 /Users/ravalbrijen/workspace/raspi/Raspberry-Pi-/newlib-1.18.0/arm-none-eabi/newlib/libc.a(lib_a-findfp.o)
 .data          0x00009800        0x0 /Users/ravalbrijen/workspace/raspi/Raspberry-Pi-/newlib-1.18.0/arm-none-eabi/newlib/libc.a(lib_a-freer.o)
 .data          0x00009800        0x0 /Users/ravalbrijen/workspace/raspi/Raspberry-Pi-/newlib-1.18.0/arm-none-eabi/newlib/libc.a(lib_a-fwalk.o)
 .data          0x00009800      0x430 /Users/ravalbrijen/workspace/raspi/Raspberry-Pi-/newlib-1.18.0/arm-none-eabi/newlib/libc.a(lib_a-impure.o)
                0x00009800                _impure_ptr
 .data          0x00009c30       0x44 /Users/ravalbrijen/workspace/raspi/Raspberry-Pi-/newlib-1.18.0/arm-none-eabi/newlib/libc.a(lib_a-locale.o)
                0x00009c70                __mb_cur_max
 .data          0x00009c74        0x0 /Users/ravalbrijen/workspace/raspi/Raspberry-Pi-/newlib-1.18.0/arm-none-eabi/newlib/libc.a(lib_a-makebuf.o)
 .data          0x00009c74        0x0 /Users/ravalbrijen/workspace/raspi/Raspberry-Pi-/newlib-1.18.0/arm-none-eabi/newlib/libc.a(lib_a-memchr.o)
 .data          0x00009c74        0x0 /Users/ravalbrijen/workspace/raspi/Raspberry-Pi-/newlib-1.18.0/arm-none-eabi/newlib/libc.a(lib_a-memcpy.o)
 .data          0x00009c74        0x0 /Users/ravalbrijen/workspace/raspi/Raspberry-Pi-/newlib-1.18.0/arm-none-eabi/newlib/libc.a(lib_a-memset.o)
 .data          0x00009c74        0x0 /Users/ravalbrijen/workspace/raspi/Raspberry-Pi-/newlib-1.18.0/arm-none-eabi/newlib/libc.a(lib_a-mprec.o)
 .data          0x00009c74        0x0 /Users/ravalbrijen/workspace/raspi/Raspberry-Pi-/newlib-1.18.0/arm-none-eabi/newlib/libc.a(lib_a-reent.o)
 .data          0x00009c74        0x0 /Users/ravalbrijen/workspace/raspi/Raspberry-Pi-/newlib-1.18.0/arm-none-eabi/newlib/libc.a(lib_a-s_fpclassify.o)
 .data          0x00009c74        0x0 /Users/ravalbrijen/workspace/raspi/Raspberry-Pi-/newlib-1.18.0/arm-none-eabi/newlib/libc.a(lib_a-stdio.o)
 .data          0x00009c74        0x0 /Users/ravalbrijen/workspace/raspi/Raspberry-Pi-/newlib-1.18.0/arm-none-eabi/newlib/libc.a(lib_a-strcmp.o)
 .data          0x00009c74        0x0 /Users/ravalbrijen/workspace/raspi/Raspberry-Pi-/newlib-1.18.0/arm-none-eabi/newlib/libc.a(lib_a-strlen.o)
 .data          0x00009c74        0x0 /Users/ravalbrijen/workspace/raspi/Raspberry-Pi-/newlib-1.18.0/arm-none-eabi/newlib/libc.a(lib_a-vfiprintf.o)
 .data          0x00009c74        0x0 /Users/ravalbrijen/workspace/raspi/Raspberry-Pi-/newlib-1.18.0/arm-none-eabi/newlib/libc.a(lib_a-writer.o)
 .data          0x00009c74        0x0 /Users/ravalbrijen/workspace/raspi/Raspberry-Pi-/newlib-1.18.0/arm-none-eabi/newlib/libc.a(lib_a-callocr.o)
 .data          0x00009c74        0x0 /Users/ravalbrijen/workspace/raspi/Raspberry-Pi-/newlib-1.18.0/arm-none-eabi/newlib/libc.a(lib_a-closer.o)
 .data          0x00009c74        0x0 /Users/ravalbrijen/workspace/raspi/Raspberry-Pi-/newlib-1.18.0/arm-none-eabi/newlib/libc.a(lib_a-fclose.o)
 .data          0x00009c74        0x0 /Users/ravalbrijen/workspace/raspi/Raspberry-Pi-/newlib-1.18.0/arm-none-eabi/newlib/libc.a(lib_a-fputwc.o)
 .data          0x00009c74        0x0 /Users/ravalbrijen/workspace/raspi/Raspberry-Pi-/newlib-1.18.0/arm-none-eabi/newlib/libc.a(lib_a-fstatr.o)
 .data          0x00009c74        0x0 /Users/ravalbrijen/workspace/raspi/Raspberry-Pi-/newlib-1.18.0/arm-none-eabi/newlib/libc.a(lib_a-fvwrite.o)
 .data          0x00009c74        0x0 /Users/ravalbrijen/workspace/raspi/Raspberry-Pi-/newlib-1.18.0/arm-none-eabi/newlib/libc.a(lib_a-isattyr.o)
 .data          0x00009c74        0x0 /Users/ravalbrijen/workspace/raspi/Raspberry-Pi-/newlib-1.18.0/arm-none-eabi/newlib/libc.a(lib_a-lseekr.o)
 .data          0x00009c74        0x0 /Users/ravalbrijen/workspace/raspi/Raspberry-Pi-/newlib-1.18.0/arm-none-eabi/newlib/libc.a(lib_a-memmove.o)
 .data          0x00009c74        0x0 /Users/ravalbrijen/workspace/raspi/Raspberry-Pi-/newlib-1.18.0/arm-none-eabi/newlib/libc.a(lib_a-readr.o)
 .data          0x00009c74        0x0 /Users/ravalbrijen/workspace/raspi/Raspberry-Pi-/newlib-1.18.0/arm-none-eabi/newlib/libc.a(lib_a-reallocr.o)
 .data          0x00009c74        0x0 /Users/ravalbrijen/workspace/raspi/Raspberry-Pi-/newlib-1.18.0/arm-none-eabi/newlib/libc.a(lib_a-wbuf.o)
 .data          0x00009c74        0x0 /Users/ravalbrijen/workspace/raspi/Raspberry-Pi-/newlib-1.18.0/arm-none-eabi/newlib/libc.a(lib_a-wcrtomb.o)
 .data          0x00009c74        0x4 /Users/ravalbrijen/workspace/raspi/Raspberry-Pi-/newlib-1.18.0/arm-none-eabi/newlib/libc.a(lib_a-wctomb_r.o)
                0x00009c74                __wctomb
                0x00009c78                __bss_start__ = .

.bss            0x00009c78       0x48
 *(.bss)
 .bss           0x00009c78        0x0 src/raspi/setup.o
 .bss           0x00009c78        0x0 src/raspi/vectors.o
 .bss           0x00009c78        0x0 src/raspi/interrupts.o
 .bss           0x00009c78        0x0 src/raspi/main.o
 .bss           0x00009c78        0x0 src/raspi/serial.o
 .bss           0x00009c78        0x0 src/raspi/timer.o
 .bss           0x00009c78        0x0 /Users/ravalbrijen/workspace/raspi/Raspberry-Pi-/newlib-1.18.0/arm-none-eabi/newlib/libc.a(lib_a-malloc.o)
 .bss           0x00009c78       0x34 /Users/ravalbrijen/workspace/raspi/Raspberry-Pi-/newlib-1.18.0/arm-none-eabi/newlib/libc.a(lib_a-mallocr.o)
                0x00009c78                __malloc_top_pad
                0x00009c7c                __malloc_current_mallinfo
                0x00009ca4                __malloc_max_sbrked_mem
                0x00009ca8                __malloc_max_total_mem
 .bss           0x00009cac        0x0 /Users/ravalbrijen/workspace/raspi/Raspberry-Pi-/newlib-1.18.0/arm-none-eabi/newlib/libc.a(lib_a-mlock.o)
 .bss           0x00009cac        0x0 /Users/ravalbrijen/workspace/raspi/Raspberry-Pi-/newlib-1.18.0/arm-none-eabi/newlib/libc.a(lib_a-printf.o)
 .bss           0x00009cac        0x0 /Users/ravalbrijen/workspace/raspi/Raspberry-Pi-/newlib-1.18.0/arm-none-eabi/newlib/libc.a(lib_a-sbrkr.o)
 .bss           0x00009cac        0x0 /Users/ravalbrijen/workspace/raspi/Raspberry-Pi-/newlib-1.18.0/arm-none-eabi/newlib/libc.a(lib_a-vfprintf.o)
 .bss           0x00009cac        0x0 /Users/ravalbrijen/workspace/raspi/Raspberry-Pi-/newlib-1.18.0/arm-none-eabi/newlib/libc.a(lib_a-wsetup.o)
 .bss           0x00009cac        0x0 /Users/ravalbrijen/workspace/raspi/Raspberry-Pi-/newlib-1.18.0/arm-none-eabi/newlib/libc.a(lib_a-dtoa.o)
 .bss           0x00009cac        0x0 /Users/ravalbrijen/workspace/raspi/Raspberry-Pi-/newlib-1.18.0/arm-none-eabi/newlib/libc.a(lib_a-fflush.o)
 .bss           0x00009cac        0x0 /Users/ravalbrijen/workspace/raspi/Raspberry-Pi-/newlib-1.18.0/arm-none-eabi/newlib/libc.a(lib_a-findfp.o)
 .bss           0x00009cac        0x0 /Users/ravalbrijen/workspace/raspi/Raspberry-Pi-/newlib-1.18.0/arm-none-eabi/newlib/libc.a(lib_a-freer.o)
 .bss           0x00009cac        0x0 /Users/ravalbrijen/workspace/raspi/Raspberry-Pi-/newlib-1.18.0/arm-none-eabi/newlib/libc.a(lib_a-fwalk.o)
 .bss           0x00009cac        0x0 /Users/ravalbrijen/workspace/raspi/Raspberry-Pi-/newlib-1.18.0/arm-none-eabi/newlib/libc.a(lib_a-impure.o)
 .bss           0x00009cac        0xc /Users/ravalbrijen/workspace/raspi/Raspberry-Pi-/newlib-1.18.0/arm-none-eabi/newlib/libc.a(lib_a-locale.o)
                0x00009cac                _PathLocale
                0x00009cb0                __mlocale_changed
                0x00009cb4                __nlocale_changed
 .bss           0x00009cb8        0x0 /Users/ravalbrijen/workspace/raspi/Raspberry-Pi-/newlib-1.18.0/arm-none-eabi/newlib/libc.a(lib_a-makebuf.o)
 .bss           0x00009cb8        0x0 /Users/ravalbrijen/workspace/raspi/Raspberry-Pi-/newlib-1.18.0/arm-none-eabi/newlib/libc.a(lib_a-memchr.o)
 .bss           0x00009cb8        0x0 /Users/ravalbrijen/workspace/raspi/Raspberry-Pi-/newlib-1.18.0/arm-none-eabi/newlib/libc.a(lib_a-memcpy.o)
 .bss           0x00009cb8        0x0 /Users/ravalbrijen/workspace/raspi/Raspberry-Pi-/newlib-1.18.0/arm-none-eabi/newlib/libc.a(lib_a-memset.o)
 .bss           0x00009cb8        0x0 /Users/ravalbrijen/workspace/raspi/Raspberry-Pi-/newlib-1.18.0/arm-none-eabi/newlib/libc.a(lib_a-mprec.o)
 .bss           0x00009cb8        0x0 /Users/ravalbrijen/workspace/raspi/Raspberry-Pi-/newlib-1.18.0/arm-none-eabi/newlib/libc.a(lib_a-reent.o)
 .bss           0x00009cb8        0x0 /Users/ravalbrijen/workspace/raspi/Raspberry-Pi-/newlib-1.18.0/arm-none-eabi/newlib/libc.a(lib_a-s_fpclassify.o)
 .bss           0x00009cb8        0x0 /Users/ravalbrijen/workspace/raspi/Raspberry-Pi-/newlib-1.18.0/arm-none-eabi/newlib/libc.a(lib_a-stdio.o)
 .bss           0x00009cb8        0x0 /Users/ravalbrijen/workspace/raspi/Raspberry-Pi-/newlib-1.18.0/arm-none-eabi/newlib/libc.a(lib_a-strcmp.o)
 .bss           0x00009cb8        0x0 /Users/ravalbrijen/workspace/raspi/Raspberry-Pi-/newlib-1.18.0/arm-none-eabi/newlib/libc.a(lib_a-strlen.o)
 .bss           0x00009cb8        0x0 /Users/ravalbrijen/workspace/raspi/Raspberry-Pi-/newlib-1.18.0/arm-none-eabi/newlib/libc.a(lib_a-vfiprintf.o)
 .bss           0x00009cb8        0x0 /Users/ravalbrijen/workspace/raspi/Raspberry-Pi-/newlib-1.18.0/arm-none-eabi/newlib/libc.a(lib_a-writer.o)
 .bss           0x00009cb8        0x0 /Users/ravalbrijen/workspace/raspi/Raspberry-Pi-/newlib-1.18.0/arm-none-eabi/newlib/libc.a(lib_a-callocr.o)
 .bss           0x00009cb8        0x0 /Users/ravalbrijen/workspace/raspi/Raspberry-Pi-/newlib-1.18.0/arm-none-eabi/newlib/libc.a(lib_a-closer.o)
 .bss           0x00009cb8        0x0 /Users/ravalbrijen/workspace/raspi/Raspberry-Pi-/newlib-1.18.0/arm-none-eabi/newlib/libc.a(lib_a-fclose.o)
 .bss           0x00009cb8        0x0 /Users/ravalbrijen/workspace/raspi/Raspberry-Pi-/newlib-1.18.0/arm-none-eabi/newlib/libc.a(lib_a-fputwc.o)
 .bss           0x00009cb8        0x0 /Users/ravalbrijen/workspace/raspi/Raspberry-Pi-/newlib-1.18.0/arm-none-eabi/newlib/libc.a(lib_a-fstatr.o)
 .bss           0x00009cb8        0x0 /Users/ravalbrijen/workspace/raspi/Raspberry-Pi-/newlib-1.18.0/arm-none-eabi/newlib/libc.a(lib_a-fvwrite.o)
 .bss           0x00009cb8        0x0 /Users/ravalbrijen/workspace/raspi/Raspberry-Pi-/newlib-1.18.0/arm-none-eabi/newlib/libc.a(lib_a-isattyr.o)
 .bss           0x00009cb8        0x0 /Users/ravalbrijen/workspace/raspi/Raspberry-Pi-/newlib-1.18.0/arm-none-eabi/newlib/libc.a(lib_a-lseekr.o)
 .bss           0x00009cb8        0x0 /Users/ravalbrijen/workspace/raspi/Raspberry-Pi-/newlib-1.18.0/arm-none-eabi/newlib/libc.a(lib_a-memmove.o)
 .bss           0x00009cb8        0x0 /Users/ravalbrijen/workspace/raspi/Raspberry-Pi-/newlib-1.18.0/arm-none-eabi/newlib/libc.a(lib_a-readr.o)
 .bss           0x00009cb8        0x0 /Users/ravalbrijen/workspace/raspi/Raspberry-Pi-/newlib-1.18.0/arm-none-eabi/newlib/libc.a(lib_a-reallocr.o)
 .bss           0x00009cb8        0x0 /Users/ravalbrijen/workspace/raspi/Raspberry-Pi-/newlib-1.18.0/arm-none-eabi/newlib/libc.a(lib_a-wbuf.o)
 .bss           0x00009cb8        0x0 /Users/ravalbrijen/workspace/raspi/Raspberry-Pi-/newlib-1.18.0/arm-none-eabi/newlib/libc.a(lib_a-wcrtomb.o)
 .bss           0x00009cb8        0x0 /Users/ravalbrijen/workspace/raspi/Raspberry-Pi-/newlib-1.18.0/arm-none-eabi/newlib/libc.a(lib_a-wctomb_r.o)
 COMMON         0x00009cb8        0x4 src/raspi/interrupts.o
                0x00009cb8                icount
 COMMON         0x00009cbc        0x4 /Users/ravalbrijen/workspace/raspi/Raspberry-Pi-/newlib-1.18.0/arm-none-eabi/newlib/libc.a(lib_a-reent.o)
                0x00009cbc                errno
                0x00009cc0                __bss_end__ = .
LOAD /Users/ravalbrijen/Documents/My-Stuff/ARM/yagarto-4.6.2/lib/gcc/arm-none-eabi/4.6.2/libgcc.a
LOAD /Users/ravalbrijen/workspace/raspi/Raspberry-Pi-/newlib-1.18.0/arm-none-eabi/newlib/libc.a
OUTPUT(bin/kernel.elf elf32-littlearm)

.ARM.attributes
                0x00000000       0x34
 .ARM.attributes
                0x00000000       0x28 src/raspi/setup.o
 .ARM.attributes
                0x00000028       0x28 src/raspi/vectors.o
 .ARM.attributes
                0x00000050       0x38 src/raspi/interrupts.o
 .ARM.attributes
                0x00000088       0x38 src/raspi/main.o
 .ARM.attributes
                0x000000c0       0x38 src/raspi/serial.o
 .ARM.attributes
                0x000000f8       0x38 src/raspi/timer.o
 .ARM.attributes
                0x00000130       0x32 /Users/ravalbrijen/workspace/raspi/Raspberry-Pi-/newlib-1.18.0/arm-none-eabi/newlib/libc.a(lib_a-malloc.o)
 .ARM.attributes
                0x00000162       0x32 /Users/ravalbrijen/workspace/raspi/Raspberry-Pi-/newlib-1.18.0/arm-none-eabi/newlib/libc.a(lib_a-mallocr.o)
 .ARM.attributes
                0x00000194       0x32 /Users/ravalbrijen/workspace/raspi/Raspberry-Pi-/newlib-1.18.0/arm-none-eabi/newlib/libc.a(lib_a-mlock.o)
 .ARM.attributes
                0x000001c6       0x32 /Users/ravalbrijen/workspace/raspi/Raspberry-Pi-/newlib-1.18.0/arm-none-eabi/newlib/libc.a(lib_a-printf.o)
 .ARM.attributes
                0x000001f8       0x32 /Users/ravalbrijen/workspace/raspi/Raspberry-Pi-/newlib-1.18.0/arm-none-eabi/newlib/libc.a(lib_a-sbrkr.o)
 .ARM.attributes
                0x0000022a       0x32 /Users/ravalbrijen/workspace/raspi/Raspberry-Pi-/newlib-1.18.0/arm-none-eabi/newlib/libc.a(lib_a-vfprintf.o)
 .ARM.attributes
                0x0000025c       0x32 /Users/ravalbrijen/workspace/raspi/Raspberry-Pi-/newlib-1.18.0/arm-none-eabi/newlib/libc.a(lib_a-wsetup.o)
 .ARM.attributes
                0x0000028e       0x32 /Users/ravalbrijen/workspace/raspi/Raspberry-Pi-/newlib-1.18.0/arm-none-eabi/newlib/libc.a(lib_a-dtoa.o)
 .ARM.attributes
                0x000002c0       0x32 /Users/ravalbrijen/workspace/raspi/Raspberry-Pi-/newlib-1.18.0/arm-none-eabi/newlib/libc.a(lib_a-fflush.o)
 .ARM.attributes
                0x000002f2       0x32 /Users/ravalbrijen/workspace/raspi/Raspberry-Pi-/newlib-1.18.0/arm-none-eabi/newlib/libc.a(lib_a-findfp.o)
 .ARM.attributes
                0x00000324       0x32 /Users/ravalbrijen/workspace/raspi/Raspberry-Pi-/newlib-1.18.0/arm-none-eabi/newlib/libc.a(lib_a-freer.o)
 .ARM.attributes
                0x00000356       0x32 /Users/ravalbrijen/workspace/raspi/Raspberry-Pi-/newlib-1.18.0/arm-none-eabi/newlib/libc.a(lib_a-fwalk.o)
 .ARM.attributes
                0x00000388       0x32 /Users/ravalbrijen/workspace/raspi/Raspberry-Pi-/newlib-1.18.0/arm-none-eabi/newlib/libc.a(lib_a-impure.o)
 .ARM.attributes
                0x000003ba       0x32 /Users/ravalbrijen/workspace/raspi/Raspberry-Pi-/newlib-1.18.0/arm-none-eabi/newlib/libc.a(lib_a-locale.o)
 .ARM.attributes
                0x000003ec       0x32 /Users/ravalbrijen/workspace/raspi/Raspberry-Pi-/newlib-1.18.0/arm-none-eabi/newlib/libc.a(lib_a-makebuf.o)
 .ARM.attributes
                0x0000041e       0x32 /Users/ravalbrijen/workspace/raspi/Raspberry-Pi-/newlib-1.18.0/arm-none-eabi/newlib/libc.a(lib_a-memchr.o)
 .ARM.attributes
                0x00000450       0x32 /Users/ravalbrijen/workspace/raspi/Raspberry-Pi-/newlib-1.18.0/arm-none-eabi/newlib/libc.a(lib_a-memcpy.o)
 .ARM.attributes
                0x00000482       0x32 /Users/ravalbrijen/workspace/raspi/Raspberry-Pi-/newlib-1.18.0/arm-none-eabi/newlib/libc.a(lib_a-memset.o)
 .ARM.attributes
                0x000004b4       0x32 /Users/ravalbrijen/workspace/raspi/Raspberry-Pi-/newlib-1.18.0/arm-none-eabi/newlib/libc.a(lib_a-mprec.o)
 .ARM.attributes
                0x000004e6       0x32 /Users/ravalbrijen/workspace/raspi/Raspberry-Pi-/newlib-1.18.0/arm-none-eabi/newlib/libc.a(lib_a-reent.o)
 .ARM.attributes
                0x00000518       0x32 /Users/ravalbrijen/workspace/raspi/Raspberry-Pi-/newlib-1.18.0/arm-none-eabi/newlib/libc.a(lib_a-s_fpclassify.o)
 .ARM.attributes
                0x0000054a       0x32 /Users/ravalbrijen/workspace/raspi/Raspberry-Pi-/newlib-1.18.0/arm-none-eabi/newlib/libc.a(lib_a-stdio.o)
 .ARM.attributes
                0x0000057c       0x32 /Users/ravalbrijen/workspace/raspi/Raspberry-Pi-/newlib-1.18.0/arm-none-eabi/newlib/libc.a(lib_a-strcmp.o)
 .ARM.attributes
                0x000005ae       0x32 /Users/ravalbrijen/workspace/raspi/Raspberry-Pi-/newlib-1.18.0/arm-none-eabi/newlib/libc.a(lib_a-strlen.o)
 .ARM.attributes
                0x000005e0       0x32 /Users/ravalbrijen/workspace/raspi/Raspberry-Pi-/newlib-1.18.0/arm-none-eabi/newlib/libc.a(lib_a-vfiprintf.o)
 .ARM.attributes
                0x00000612       0x32 /Users/ravalbrijen/workspace/raspi/Raspberry-Pi-/newlib-1.18.0/arm-none-eabi/newlib/libc.a(lib_a-writer.o)
 .ARM.attributes
                0x00000644       0x32 /Users/ravalbrijen/workspace/raspi/Raspberry-Pi-/newlib-1.18.0/arm-none-eabi/newlib/libc.a(lib_a-callocr.o)
 .ARM.attributes
                0x00000676       0x32 /Users/ravalbrijen/workspace/raspi/Raspberry-Pi-/newlib-1.18.0/arm-none-eabi/newlib/libc.a(lib_a-closer.o)
 .ARM.attributes
                0x000006a8       0x32 /Users/ravalbrijen/workspace/raspi/Raspberry-Pi-/newlib-1.18.0/arm-none-eabi/newlib/libc.a(lib_a-fclose.o)
 .ARM.attributes
                0x000006da       0x32 /Users/ravalbrijen/workspace/raspi/Raspberry-Pi-/newlib-1.18.0/arm-none-eabi/newlib/libc.a(lib_a-fputwc.o)
 .ARM.attributes
                0x0000070c       0x32 /Users/ravalbrijen/workspace/raspi/Raspberry-Pi-/newlib-1.18.0/arm-none-eabi/newlib/libc.a(lib_a-fstatr.o)
 .ARM.attributes
                0x0000073e       0x32 /Users/ravalbrijen/workspace/raspi/Raspberry-Pi-/newlib-1.18.0/arm-none-eabi/newlib/libc.a(lib_a-fvwrite.o)
 .ARM.attributes
                0x00000770       0x32 /Users/ravalbrijen/workspace/raspi/Raspberry-Pi-/newlib-1.18.0/arm-none-eabi/newlib/libc.a(lib_a-isattyr.o)
 .ARM.attributes
                0x000007a2       0x32 /Users/ravalbrijen/workspace/raspi/Raspberry-Pi-/newlib-1.18.0/arm-none-eabi/newlib/libc.a(lib_a-lseekr.o)
 .ARM.attributes
                0x000007d4       0x32 /Users/ravalbrijen/workspace/raspi/Raspberry-Pi-/newlib-1.18.0/arm-none-eabi/newlib/libc.a(lib_a-memmove.o)
 .ARM.attributes
                0x00000806       0x32 /Users/ravalbrijen/workspace/raspi/Raspberry-Pi-/newlib-1.18.0/arm-none-eabi/newlib/libc.a(lib_a-readr.o)
 .ARM.attributes
                0x00000838       0x32 /Users/ravalbrijen/workspace/raspi/Raspberry-Pi-/newlib-1.18.0/arm-none-eabi/newlib/libc.a(lib_a-reallocr.o)
 .ARM.attributes
                0x0000086a       0x32 /Users/ravalbrijen/workspace/raspi/Raspberry-Pi-/newlib-1.18.0/arm-none-eabi/newlib/libc.a(lib_a-wbuf.o)
 .ARM.attributes
                0x0000089c       0x32 /Users/ravalbrijen/workspace/raspi/Raspberry-Pi-/newlib-1.18.0/arm-none-eabi/newlib/libc.a(lib_a-wcrtomb.o)
 .ARM.attributes
                0x000008ce       0x32 /Users/ravalbrijen/workspace/raspi/Raspberry-Pi-/newlib-1.18.0/arm-none-eabi/newlib/libc.a(lib_a-wctomb_r.o)

.comment        0x00000000       0x11
 .comment       0x00000000       0x11 src/raspi/interrupts.o
                                 0x12 (size before relaxing)
 .comment       0x00000000       0x12 src/raspi/main.o
 .comment       0x00000000       0x12 src/raspi/serial.o
 .comment       0x00000000       0x12 src/raspi/timer.o
 .comment       0x00000000       0x12 /Users/ravalbrijen/workspace/raspi/Raspberry-Pi-/newlib-1.18.0/arm-none-eabi/newlib/libc.a(lib_a-malloc.o)
 .comment       0x00000000       0x12 /Users/ravalbrijen/workspace/raspi/Raspberry-Pi-/newlib-1.18.0/arm-none-eabi/newlib/libc.a(lib_a-mallocr.o)
 .comment       0x00000000       0x12 /Users/ravalbrijen/workspace/raspi/Raspberry-Pi-/newlib-1.18.0/arm-none-eabi/newlib/libc.a(lib_a-mlock.o)
 .comment       0x00000000       0x12 /Users/ravalbrijen/workspace/raspi/Raspberry-Pi-/newlib-1.18.0/arm-none-eabi/newlib/libc.a(lib_a-printf.o)
 .comment       0x00000000       0x12 /Users/ravalbrijen/workspace/raspi/Raspberry-Pi-/newlib-1.18.0/arm-none-eabi/newlib/libc.a(lib_a-sbrkr.o)
 .comment       0x00000000       0x12 /Users/ravalbrijen/workspace/raspi/Raspberry-Pi-/newlib-1.18.0/arm-none-eabi/newlib/libc.a(lib_a-vfprintf.o)
 .comment       0x00000000       0x12 /Users/ravalbrijen/workspace/raspi/Raspberry-Pi-/newlib-1.18.0/arm-none-eabi/newlib/libc.a(lib_a-wsetup.o)
 .comment       0x00000000       0x12 /Users/ravalbrijen/workspace/raspi/Raspberry-Pi-/newlib-1.18.0/arm-none-eabi/newlib/libc.a(lib_a-dtoa.o)
 .comment       0x00000000       0x12 /Users/ravalbrijen/workspace/raspi/Raspberry-Pi-/newlib-1.18.0/arm-none-eabi/newlib/libc.a(lib_a-fflush.o)
 .comment       0x00000000       0x12 /Users/ravalbrijen/workspace/raspi/Raspberry-Pi-/newlib-1.18.0/arm-none-eabi/newlib/libc.a(lib_a-findfp.o)
 .comment       0x00000000       0x12 /Users/ravalbrijen/workspace/raspi/Raspberry-Pi-/newlib-1.18.0/arm-none-eabi/newlib/libc.a(lib_a-freer.o)
 .comment       0x00000000       0x12 /Users/ravalbrijen/workspace/raspi/Raspberry-Pi-/newlib-1.18.0/arm-none-eabi/newlib/libc.a(lib_a-fwalk.o)
 .comment       0x00000000       0x12 /Users/ravalbrijen/workspace/raspi/Raspberry-Pi-/newlib-1.18.0/arm-none-eabi/newlib/libc.a(lib_a-impure.o)
 .comment       0x00000000       0x12 /Users/ravalbrijen/workspace/raspi/Raspberry-Pi-/newlib-1.18.0/arm-none-eabi/newlib/libc.a(lib_a-locale.o)
 .comment       0x00000000       0x12 /Users/ravalbrijen/workspace/raspi/Raspberry-Pi-/newlib-1.18.0/arm-none-eabi/newlib/libc.a(lib_a-makebuf.o)
 .comment       0x00000000       0x12 /Users/ravalbrijen/workspace/raspi/Raspberry-Pi-/newlib-1.18.0/arm-none-eabi/newlib/libc.a(lib_a-memchr.o)
 .comment       0x00000000       0x12 /Users/ravalbrijen/workspace/raspi/Raspberry-Pi-/newlib-1.18.0/arm-none-eabi/newlib/libc.a(lib_a-memcpy.o)
 .comment       0x00000000       0x12 /Users/ravalbrijen/workspace/raspi/Raspberry-Pi-/newlib-1.18.0/arm-none-eabi/newlib/libc.a(lib_a-memset.o)
 .comment       0x00000000       0x12 /Users/ravalbrijen/workspace/raspi/Raspberry-Pi-/newlib-1.18.0/arm-none-eabi/newlib/libc.a(lib_a-mprec.o)
 .comment       0x00000000       0x12 /Users/ravalbrijen/workspace/raspi/Raspberry-Pi-/newlib-1.18.0/arm-none-eabi/newlib/libc.a(lib_a-reent.o)
 .comment       0x00000000       0x12 /Users/ravalbrijen/workspace/raspi/Raspberry-Pi-/newlib-1.18.0/arm-none-eabi/newlib/libc.a(lib_a-s_fpclassify.o)
 .comment       0x00000000       0x12 /Users/ravalbrijen/workspace/raspi/Raspberry-Pi-/newlib-1.18.0/arm-none-eabi/newlib/libc.a(lib_a-stdio.o)
 .comment       0x00000000       0x12 /Users/ravalbrijen/workspace/raspi/Raspberry-Pi-/newlib-1.18.0/arm-none-eabi/newlib/libc.a(lib_a-strcmp.o)
 .comment       0x00000000       0x12 /Users/ravalbrijen/workspace/raspi/Raspberry-Pi-/newlib-1.18.0/arm-none-eabi/newlib/libc.a(lib_a-strlen.o)
 .comment       0x00000000       0x12 /Users/ravalbrijen/workspace/raspi/Raspberry-Pi-/newlib-1.18.0/arm-none-eabi/newlib/libc.a(lib_a-vfiprintf.o)
 .comment       0x00000000       0x12 /Users/ravalbrijen/workspace/raspi/Raspberry-Pi-/newlib-1.18.0/arm-none-eabi/newlib/libc.a(lib_a-writer.o)
 .comment       0x00000000       0x12 /Users/ravalbrijen/workspace/raspi/Raspberry-Pi-/newlib-1.18.0/arm-none-eabi/newlib/libc.a(lib_a-callocr.o)
 .comment       0x00000000       0x12 /Users/ravalbrijen/workspace/raspi/Raspberry-Pi-/newlib-1.18.0/arm-none-eabi/newlib/libc.a(lib_a-closer.o)
 .comment       0x00000000       0x12 /Users/ravalbrijen/workspace/raspi/Raspberry-Pi-/newlib-1.18.0/arm-none-eabi/newlib/libc.a(lib_a-fclose.o)
 .comment       0x00000000       0x12 /Users/ravalbrijen/workspace/raspi/Raspberry-Pi-/newlib-1.18.0/arm-none-eabi/newlib/libc.a(lib_a-fputwc.o)
 .comment       0x00000000       0x12 /Users/ravalbrijen/workspace/raspi/Raspberry-Pi-/newlib-1.18.0/arm-none-eabi/newlib/libc.a(lib_a-fstatr.o)
 .comment       0x00000000       0x12 /Users/ravalbrijen/workspace/raspi/Raspberry-Pi-/newlib-1.18.0/arm-none-eabi/newlib/libc.a(lib_a-fvwrite.o)
 .comment       0x00000000       0x12 /Users/ravalbrijen/workspace/raspi/Raspberry-Pi-/newlib-1.18.0/arm-none-eabi/newlib/libc.a(lib_a-isattyr.o)
 .comment       0x00000000       0x12 /Users/ravalbrijen/workspace/raspi/Raspberry-Pi-/newlib-1.18.0/arm-none-eabi/newlib/libc.a(lib_a-lseekr.o)
 .comment       0x00000000       0x12 /Users/ravalbrijen/workspace/raspi/Raspberry-Pi-/newlib-1.18.0/arm-none-eabi/newlib/libc.a(lib_a-memmove.o)
 .comment       0x00000000       0x12 /Users/ravalbrijen/workspace/raspi/Raspberry-Pi-/newlib-1.18.0/arm-none-eabi/newlib/libc.a(lib_a-readr.o)
 .comment       0x00000000       0x12 /Users/ravalbrijen/workspace/raspi/Raspberry-Pi-/newlib-1.18.0/arm-none-eabi/newlib/libc.a(lib_a-reallocr.o)
 .comment       0x00000000       0x12 /Users/ravalbrijen/workspace/raspi/Raspberry-Pi-/newlib-1.18.0/arm-none-eabi/newlib/libc.a(lib_a-wbuf.o)
 .comment       0x00000000       0x12 /Users/ravalbrijen/workspace/raspi/Raspberry-Pi-/newlib-1.18.0/arm-none-eabi/newlib/libc.a(lib_a-wcrtomb.o)
 .comment       0x00000000       0x12 /Users/ravalbrijen/workspace/raspi/Raspberry-Pi-/newlib-1.18.0/arm-none-eabi/newlib/libc.a(lib_a-wctomb_r.o)

.debug_line     0x00000000     0x604a
 .debug_line    0x00000000       0x7e src/raspi/setup.o
 .debug_line    0x0000007e       0x4b src/raspi/vectors.o
 .debug_line    0x000000c9       0x6c src/raspi/interrupts.o
 .debug_line    0x00000135       0x88 src/raspi/main.o
 .debug_line    0x000001bd       0x92 src/raspi/serial.o
 .debug_line    0x0000024f       0x46 src/raspi/timer.o
 .debug_line    0x00000295      0x1a9 /Users/ravalbrijen/workspace/raspi/Raspberry-Pi-/newlib-1.18.0/arm-none-eabi/newlib/libc.a(lib_a-malloc.o)
 .debug_line    0x0000043e      0x2ec /Users/ravalbrijen/workspace/raspi/Raspberry-Pi-/newlib-1.18.0/arm-none-eabi/newlib/libc.a(lib_a-mallocr.o)
 .debug_line    0x0000072a      0x142 /Users/ravalbrijen/workspace/raspi/Raspberry-Pi-/newlib-1.18.0/arm-none-eabi/newlib/libc.a(lib_a-mlock.o)
 .debug_line    0x0000086c      0x1c5 /Users/ravalbrijen/workspace/raspi/Raspberry-Pi-/newlib-1.18.0/arm-none-eabi/newlib/libc.a(lib_a-printf.o)
 .debug_line    0x00000a31      0x1ac /Users/ravalbrijen/workspace/raspi/Raspberry-Pi-/newlib-1.18.0/arm-none-eabi/newlib/libc.a(lib_a-sbrkr.o)
 .debug_line    0x00000bdd      0x975 /Users/ravalbrijen/workspace/raspi/Raspberry-Pi-/newlib-1.18.0/arm-none-eabi/newlib/libc.a(lib_a-vfprintf.o)
 .debug_line    0x00001552      0x1e5 /Users/ravalbrijen/workspace/raspi/Raspberry-Pi-/newlib-1.18.0/arm-none-eabi/newlib/libc.a(lib_a-wsetup.o)
 .debug_line    0x00001737      0x7a7 /Users/ravalbrijen/workspace/raspi/Raspberry-Pi-/newlib-1.18.0/arm-none-eabi/newlib/libc.a(lib_a-dtoa.o)
 .debug_line    0x00001ede      0x24d /Users/ravalbrijen/workspace/raspi/Raspberry-Pi-/newlib-1.18.0/arm-none-eabi/newlib/libc.a(lib_a-fflush.o)
 .debug_line    0x0000212b      0x26c /Users/ravalbrijen/workspace/raspi/Raspberry-Pi-/newlib-1.18.0/arm-none-eabi/newlib/libc.a(lib_a-findfp.o)
 .debug_line    0x00002397      0x208 /Users/ravalbrijen/workspace/raspi/Raspberry-Pi-/newlib-1.18.0/arm-none-eabi/newlib/libc.a(lib_a-freer.o)
 .debug_line    0x0000259f      0x1c8 /Users/ravalbrijen/workspace/raspi/Raspberry-Pi-/newlib-1.18.0/arm-none-eabi/newlib/libc.a(lib_a-fwalk.o)
 .debug_line    0x00002767      0x130 /Users/ravalbrijen/workspace/raspi/Raspberry-Pi-/newlib-1.18.0/arm-none-eabi/newlib/libc.a(lib_a-impure.o)
 .debug_line    0x00002897      0x1d3 /Users/ravalbrijen/workspace/raspi/Raspberry-Pi-/newlib-1.18.0/arm-none-eabi/newlib/libc.a(lib_a-locale.o)
 .debug_line    0x00002a6a      0x216 /Users/ravalbrijen/workspace/raspi/Raspberry-Pi-/newlib-1.18.0/arm-none-eabi/newlib/libc.a(lib_a-makebuf.o)
 .debug_line    0x00002c80      0x179 /Users/ravalbrijen/workspace/raspi/Raspberry-Pi-/newlib-1.18.0/arm-none-eabi/newlib/libc.a(lib_a-memchr.o)
 .debug_line    0x00002df9      0x196 /Users/ravalbrijen/workspace/raspi/Raspberry-Pi-/newlib-1.18.0/arm-none-eabi/newlib/libc.a(lib_a-memcpy.o)
 .debug_line    0x00002f8f      0x1a0 /Users/ravalbrijen/workspace/raspi/Raspberry-Pi-/newlib-1.18.0/arm-none-eabi/newlib/libc.a(lib_a-memset.o)
 .debug_line    0x0000312f      0x5dd /Users/ravalbrijen/workspace/raspi/Raspberry-Pi-/newlib-1.18.0/arm-none-eabi/newlib/libc.a(lib_a-mprec.o)
 .debug_line    0x0000370c      0x188 /Users/ravalbrijen/workspace/raspi/Raspberry-Pi-/newlib-1.18.0/arm-none-eabi/newlib/libc.a(lib_a-reent.o)
 .debug_line    0x00003894      0x14d /Users/ravalbrijen/workspace/raspi/Raspberry-Pi-/newlib-1.18.0/arm-none-eabi/newlib/libc.a(lib_a-s_fpclassify.o)
 .debug_line    0x000039e1      0x1c7 /Users/ravalbrijen/workspace/raspi/Raspberry-Pi-/newlib-1.18.0/arm-none-eabi/newlib/libc.a(lib_a-stdio.o)
 .debug_line    0x00003ba8       0xcd /Users/ravalbrijen/workspace/raspi/Raspberry-Pi-/newlib-1.18.0/arm-none-eabi/newlib/libc.a(lib_a-strcmp.o)
 .debug_line    0x00003c75      0x131 /Users/ravalbrijen/workspace/raspi/Raspberry-Pi-/newlib-1.18.0/arm-none-eabi/newlib/libc.a(lib_a-strlen.o)
 .debug_line    0x00003da6      0x69d /Users/ravalbrijen/workspace/raspi/Raspberry-Pi-/newlib-1.18.0/arm-none-eabi/newlib/libc.a(lib_a-vfiprintf.o)
 .debug_line    0x00004443      0x1af /Users/ravalbrijen/workspace/raspi/Raspberry-Pi-/newlib-1.18.0/arm-none-eabi/newlib/libc.a(lib_a-writer.o)
 .debug_line    0x000045f2      0x168 /Users/ravalbrijen/workspace/raspi/Raspberry-Pi-/newlib-1.18.0/arm-none-eabi/newlib/libc.a(lib_a-callocr.o)
 .debug_line    0x0000475a      0x1af /Users/ravalbrijen/workspace/raspi/Raspberry-Pi-/newlib-1.18.0/arm-none-eabi/newlib/libc.a(lib_a-closer.o)
 .debug_line    0x00004909      0x1e9 /Users/ravalbrijen/workspace/raspi/Raspberry-Pi-/newlib-1.18.0/arm-none-eabi/newlib/libc.a(lib_a-fclose.o)
 .debug_line    0x00004af2      0x1f4 /Users/ravalbrijen/workspace/raspi/Raspberry-Pi-/newlib-1.18.0/arm-none-eabi/newlib/libc.a(lib_a-fputwc.o)
 .debug_line    0x00004ce6      0x1c4 /Users/ravalbrijen/workspace/raspi/Raspberry-Pi-/newlib-1.18.0/arm-none-eabi/newlib/libc.a(lib_a-fstatr.o)
 .debug_line    0x00004eaa      0x2b2 /Users/ravalbrijen/workspace/raspi/Raspberry-Pi-/newlib-1.18.0/arm-none-eabi/newlib/libc.a(lib_a-fvwrite.o)
 .debug_line    0x0000515c      0x1b0 /Users/ravalbrijen/workspace/raspi/Raspberry-Pi-/newlib-1.18.0/arm-none-eabi/newlib/libc.a(lib_a-isattyr.o)
 .debug_line    0x0000530c      0x1af /Users/ravalbrijen/workspace/raspi/Raspberry-Pi-/newlib-1.18.0/arm-none-eabi/newlib/libc.a(lib_a-lseekr.o)
 .debug_line    0x000054bb      0x1c0 /Users/ravalbrijen/workspace/raspi/Raspberry-Pi-/newlib-1.18.0/arm-none-eabi/newlib/libc.a(lib_a-memmove.o)
 .debug_line    0x0000567b      0x1ae /Users/ravalbrijen/workspace/raspi/Raspberry-Pi-/newlib-1.18.0/arm-none-eabi/newlib/libc.a(lib_a-readr.o)
 .debug_line    0x00005829      0x27f /Users/ravalbrijen/workspace/raspi/Raspberry-Pi-/newlib-1.18.0/arm-none-eabi/newlib/libc.a(lib_a-reallocr.o)
 .debug_line    0x00005aa8      0x1fa /Users/ravalbrijen/workspace/raspi/Raspberry-Pi-/newlib-1.18.0/arm-none-eabi/newlib/libc.a(lib_a-wbuf.o)
 .debug_line    0x00005ca2      0x1dc /Users/ravalbrijen/workspace/raspi/Raspberry-Pi-/newlib-1.18.0/arm-none-eabi/newlib/libc.a(lib_a-wcrtomb.o)
 .debug_line    0x00005e7e      0x1cc /Users/ravalbrijen/workspace/raspi/Raspberry-Pi-/newlib-1.18.0/arm-none-eabi/newlib/libc.a(lib_a-wctomb_r.o)

.debug_info     0x00000000    0x181fb
 .debug_info    0x00000000       0x75 src/raspi/setup.o
 .debug_info    0x00000075       0x77 src/raspi/vectors.o
 .debug_info    0x000000ec       0xa5 src/raspi/interrupts.o
 .debug_info    0x00000191      0x101 src/raspi/main.o
 .debug_info    0x00000292      0x120 src/raspi/serial.o
 .debug_info    0x000003b2       0x90 src/raspi/timer.o
 .debug_info    0x00000442      0x9a7 /Users/ravalbrijen/workspace/raspi/Raspberry-Pi-/newlib-1.18.0/arm-none-eabi/newlib/libc.a(lib_a-malloc.o)
 .debug_info    0x00000de9      0xd6b /Users/ravalbrijen/workspace/raspi/Raspberry-Pi-/newlib-1.18.0/arm-none-eabi/newlib/libc.a(lib_a-mallocr.o)
 .debug_info    0x00001b54      0x980 /Users/ravalbrijen/workspace/raspi/Raspberry-Pi-/newlib-1.18.0/arm-none-eabi/newlib/libc.a(lib_a-mlock.o)
 .debug_info    0x000024d4      0xa23 /Users/ravalbrijen/workspace/raspi/Raspberry-Pi-/newlib-1.18.0/arm-none-eabi/newlib/libc.a(lib_a-printf.o)
 .debug_info    0x00002ef7      0x9ac /Users/ravalbrijen/workspace/raspi/Raspberry-Pi-/newlib-1.18.0/arm-none-eabi/newlib/libc.a(lib_a-sbrkr.o)
 .debug_info    0x000038a3     0x1103 /Users/ravalbrijen/workspace/raspi/Raspberry-Pi-/newlib-1.18.0/arm-none-eabi/newlib/libc.a(lib_a-vfprintf.o)
 .debug_info    0x000049a6      0x992 /Users/ravalbrijen/workspace/raspi/Raspberry-Pi-/newlib-1.18.0/arm-none-eabi/newlib/libc.a(lib_a-wsetup.o)
 .debug_info    0x00005338      0xdce /Users/ravalbrijen/workspace/raspi/Raspberry-Pi-/newlib-1.18.0/arm-none-eabi/newlib/libc.a(lib_a-dtoa.o)
 .debug_info    0x00006106      0xaaf /Users/ravalbrijen/workspace/raspi/Raspberry-Pi-/newlib-1.18.0/arm-none-eabi/newlib/libc.a(lib_a-fflush.o)
 .debug_info    0x00006bb5      0xbfd /Users/ravalbrijen/workspace/raspi/Raspberry-Pi-/newlib-1.18.0/arm-none-eabi/newlib/libc.a(lib_a-findfp.o)
 .debug_info    0x000077b2      0xc40 /Users/ravalbrijen/workspace/raspi/Raspberry-Pi-/newlib-1.18.0/arm-none-eabi/newlib/libc.a(lib_a-freer.o)
 .debug_info    0x000083f2      0xb36 /Users/ravalbrijen/workspace/raspi/Raspberry-Pi-/newlib-1.18.0/arm-none-eabi/newlib/libc.a(lib_a-fwalk.o)
 .debug_info    0x00008f28      0x966 /Users/ravalbrijen/workspace/raspi/Raspberry-Pi-/newlib-1.18.0/arm-none-eabi/newlib/libc.a(lib_a-impure.o)
 .debug_info    0x0000988e      0xc70 /Users/ravalbrijen/workspace/raspi/Raspberry-Pi-/newlib-1.18.0/arm-none-eabi/newlib/libc.a(lib_a-locale.o)
 .debug_info    0x0000a4fe      0xb45 /Users/ravalbrijen/workspace/raspi/Raspberry-Pi-/newlib-1.18.0/arm-none-eabi/newlib/libc.a(lib_a-makebuf.o)
 .debug_info    0x0000b043      0x122 /Users/ravalbrijen/workspace/raspi/Raspberry-Pi-/newlib-1.18.0/arm-none-eabi/newlib/libc.a(lib_a-memchr.o)
 .debug_info    0x0000b165      0x13d /Users/ravalbrijen/workspace/raspi/Raspberry-Pi-/newlib-1.18.0/arm-none-eabi/newlib/libc.a(lib_a-memcpy.o)
 .debug_info    0x0000b2a2      0x116 /Users/ravalbrijen/workspace/raspi/Raspberry-Pi-/newlib-1.18.0/arm-none-eabi/newlib/libc.a(lib_a-memset.o)
 .debug_info    0x0000b3b8     0x14e6 /Users/ravalbrijen/workspace/raspi/Raspberry-Pi-/newlib-1.18.0/arm-none-eabi/newlib/libc.a(lib_a-mprec.o)
 .debug_info    0x0000c89e      0xa64 /Users/ravalbrijen/workspace/raspi/Raspberry-Pi-/newlib-1.18.0/arm-none-eabi/newlib/libc.a(lib_a-reent.o)
 .debug_info    0x0000d302      0x142 /Users/ravalbrijen/workspace/raspi/Raspberry-Pi-/newlib-1.18.0/arm-none-eabi/newlib/libc.a(lib_a-s_fpclassify.o)
 .debug_info    0x0000d444      0xb38 /Users/ravalbrijen/workspace/raspi/Raspberry-Pi-/newlib-1.18.0/arm-none-eabi/newlib/libc.a(lib_a-stdio.o)
 .debug_info    0x0000df7c       0xe7 /Users/ravalbrijen/workspace/raspi/Raspberry-Pi-/newlib-1.18.0/arm-none-eabi/newlib/libc.a(lib_a-strcmp.o)
 .debug_info    0x0000e063       0xb1 /Users/ravalbrijen/workspace/raspi/Raspberry-Pi-/newlib-1.18.0/arm-none-eabi/newlib/libc.a(lib_a-strlen.o)
 .debug_info    0x0000e114      0xf50 /Users/ravalbrijen/workspace/raspi/Raspberry-Pi-/newlib-1.18.0/arm-none-eabi/newlib/libc.a(lib_a-vfiprintf.o)
 .debug_info    0x0000f064      0x9d6 /Users/ravalbrijen/workspace/raspi/Raspberry-Pi-/newlib-1.18.0/arm-none-eabi/newlib/libc.a(lib_a-writer.o)
 .debug_info    0x0000fa3a      0xa4e /Users/ravalbrijen/workspace/raspi/Raspberry-Pi-/newlib-1.18.0/arm-none-eabi/newlib/libc.a(lib_a-callocr.o)
 .debug_info    0x00010488      0x99b /Users/ravalbrijen/workspace/raspi/Raspberry-Pi-/newlib-1.18.0/arm-none-eabi/newlib/libc.a(lib_a-closer.o)
 .debug_info    0x00010e23      0x9cb /Users/ravalbrijen/workspace/raspi/Raspberry-Pi-/newlib-1.18.0/arm-none-eabi/newlib/libc.a(lib_a-fclose.o)
 .debug_info    0x000117ee      0xac1 /Users/ravalbrijen/workspace/raspi/Raspberry-Pi-/newlib-1.18.0/arm-none-eabi/newlib/libc.a(lib_a-fputwc.o)
 .debug_info    0x000122af      0xb3f /Users/ravalbrijen/workspace/raspi/Raspberry-Pi-/newlib-1.18.0/arm-none-eabi/newlib/libc.a(lib_a-fstatr.o)
 .debug_info    0x00012dee      0xab7 /Users/ravalbrijen/workspace/raspi/Raspberry-Pi-/newlib-1.18.0/arm-none-eabi/newlib/libc.a(lib_a-fvwrite.o)
 .debug_info    0x000138a5      0x99b /Users/ravalbrijen/workspace/raspi/Raspberry-Pi-/newlib-1.18.0/arm-none-eabi/newlib/libc.a(lib_a-isattyr.o)
 .debug_info    0x00014240      0x9c4 /Users/ravalbrijen/workspace/raspi/Raspberry-Pi-/newlib-1.18.0/arm-none-eabi/newlib/libc.a(lib_a-lseekr.o)
 .debug_info    0x00014c04      0x13d /Users/ravalbrijen/workspace/raspi/Raspberry-Pi-/newlib-1.18.0/arm-none-eabi/newlib/libc.a(lib_a-memmove.o)
 .debug_info    0x00014d41      0x9cf /Users/ravalbrijen/workspace/raspi/Raspberry-Pi-/newlib-1.18.0/arm-none-eabi/newlib/libc.a(lib_a-readr.o)
 .debug_info    0x00015710      0xc10 /Users/ravalbrijen/workspace/raspi/Raspberry-Pi-/newlib-1.18.0/arm-none-eabi/newlib/libc.a(lib_a-reallocr.o)
 .debug_info    0x00016320      0x9e5 /Users/ravalbrijen/workspace/raspi/Raspberry-Pi-/newlib-1.18.0/arm-none-eabi/newlib/libc.a(lib_a-wbuf.o)
 .debug_info    0x00016d05      0xa99 /Users/ravalbrijen/workspace/raspi/Raspberry-Pi-/newlib-1.18.0/arm-none-eabi/newlib/libc.a(lib_a-wcrtomb.o)
 .debug_info    0x0001779e      0xa5d /Users/ravalbrijen/workspace/raspi/Raspberry-Pi-/newlib-1.18.0/arm-none-eabi/newlib/libc.a(lib_a-wctomb_r.o)

.debug_abbrev   0x00000000     0x45ef
 .debug_abbrev  0x00000000       0x14 src/raspi/setup.o
 .debug_abbrev  0x00000014       0x14 src/raspi/vectors.o
 .debug_abbrev  0x00000028       0x68 src/raspi/interrupts.o
 .debug_abbrev  0x00000090       0x93 src/raspi/main.o
 .debug_abbrev  0x00000123       0xa1 src/raspi/serial.o
 .debug_abbrev  0x000001c4       0x4e src/raspi/timer.o
 .debug_abbrev  0x00000212      0x196 /Users/ravalbrijen/workspace/raspi/Raspberry-Pi-/newlib-1.18.0/arm-none-eabi/newlib/libc.a(lib_a-malloc.o)
 .debug_abbrev  0x000003a8      0x233 /Users/ravalbrijen/workspace/raspi/Raspberry-Pi-/newlib-1.18.0/arm-none-eabi/newlib/libc.a(lib_a-mallocr.o)
 .debug_abbrev  0x000005db      0x179 /Users/ravalbrijen/workspace/raspi/Raspberry-Pi-/newlib-1.18.0/arm-none-eabi/newlib/libc.a(lib_a-mlock.o)
 .debug_abbrev  0x00000754      0x1d7 /Users/ravalbrijen/workspace/raspi/Raspberry-Pi-/newlib-1.18.0/arm-none-eabi/newlib/libc.a(lib_a-printf.o)
 .debug_abbrev  0x0000092b      0x1b0 /Users/ravalbrijen/workspace/raspi/Raspberry-Pi-/newlib-1.18.0/arm-none-eabi/newlib/libc.a(lib_a-sbrkr.o)
 .debug_abbrev  0x00000adb      0x33e /Users/ravalbrijen/workspace/raspi/Raspberry-Pi-/newlib-1.18.0/arm-none-eabi/newlib/libc.a(lib_a-vfprintf.o)
 .debug_abbrev  0x00000e19      0x17f /Users/ravalbrijen/workspace/raspi/Raspberry-Pi-/newlib-1.18.0/arm-none-eabi/newlib/libc.a(lib_a-wsetup.o)
 .debug_abbrev  0x00000f98      0x22b /Users/ravalbrijen/workspace/raspi/Raspberry-Pi-/newlib-1.18.0/arm-none-eabi/newlib/libc.a(lib_a-dtoa.o)
 .debug_abbrev  0x000011c3      0x1fe /Users/ravalbrijen/workspace/raspi/Raspberry-Pi-/newlib-1.18.0/arm-none-eabi/newlib/libc.a(lib_a-fflush.o)
 .debug_abbrev  0x000013c1      0x272 /Users/ravalbrijen/workspace/raspi/Raspberry-Pi-/newlib-1.18.0/arm-none-eabi/newlib/libc.a(lib_a-findfp.o)
 .debug_abbrev  0x00001633      0x1ea /Users/ravalbrijen/workspace/raspi/Raspberry-Pi-/newlib-1.18.0/arm-none-eabi/newlib/libc.a(lib_a-freer.o)
 .debug_abbrev  0x0000181d      0x210 /Users/ravalbrijen/workspace/raspi/Raspberry-Pi-/newlib-1.18.0/arm-none-eabi/newlib/libc.a(lib_a-fwalk.o)
 .debug_abbrev  0x00001a2d      0x166 /Users/ravalbrijen/workspace/raspi/Raspberry-Pi-/newlib-1.18.0/arm-none-eabi/newlib/libc.a(lib_a-impure.o)
 .debug_abbrev  0x00001b93      0x24d /Users/ravalbrijen/workspace/raspi/Raspberry-Pi-/newlib-1.18.0/arm-none-eabi/newlib/libc.a(lib_a-locale.o)
 .debug_abbrev  0x00001de0      0x199 /Users/ravalbrijen/workspace/raspi/Raspberry-Pi-/newlib-1.18.0/arm-none-eabi/newlib/libc.a(lib_a-makebuf.o)
 .debug_abbrev  0x00001f79       0xc4 /Users/ravalbrijen/workspace/raspi/Raspberry-Pi-/newlib-1.18.0/arm-none-eabi/newlib/libc.a(lib_a-memchr.o)
 .debug_abbrev  0x0000203d       0xa8 /Users/ravalbrijen/workspace/raspi/Raspberry-Pi-/newlib-1.18.0/arm-none-eabi/newlib/libc.a(lib_a-memcpy.o)
 .debug_abbrev  0x000020e5       0x8d /Users/ravalbrijen/workspace/raspi/Raspberry-Pi-/newlib-1.18.0/arm-none-eabi/newlib/libc.a(lib_a-memset.o)
 .debug_abbrev  0x00002172      0x30e /Users/ravalbrijen/workspace/raspi/Raspberry-Pi-/newlib-1.18.0/arm-none-eabi/newlib/libc.a(lib_a-mprec.o)
 .debug_abbrev  0x00002480      0x1e6 /Users/ravalbrijen/workspace/raspi/Raspberry-Pi-/newlib-1.18.0/arm-none-eabi/newlib/libc.a(lib_a-reent.o)
 .debug_abbrev  0x00002666       0xc5 /Users/ravalbrijen/workspace/raspi/Raspberry-Pi-/newlib-1.18.0/arm-none-eabi/newlib/libc.a(lib_a-s_fpclassify.o)
 .debug_abbrev  0x0000272b      0x1e9 /Users/ravalbrijen/workspace/raspi/Raspberry-Pi-/newlib-1.18.0/arm-none-eabi/newlib/libc.a(lib_a-stdio.o)
 .debug_abbrev  0x00002914       0x86 /Users/ravalbrijen/workspace/raspi/Raspberry-Pi-/newlib-1.18.0/arm-none-eabi/newlib/libc.a(lib_a-strcmp.o)
 .debug_abbrev  0x0000299a       0x6d /Users/ravalbrijen/workspace/raspi/Raspberry-Pi-/newlib-1.18.0/arm-none-eabi/newlib/libc.a(lib_a-strlen.o)
 .debug_abbrev  0x00002a07      0x31c /Users/ravalbrijen/workspace/raspi/Raspberry-Pi-/newlib-1.18.0/arm-none-eabi/newlib/libc.a(lib_a-vfiprintf.o)
 .debug_abbrev  0x00002d23      0x1a9 /Users/ravalbrijen/workspace/raspi/Raspberry-Pi-/newlib-1.18.0/arm-none-eabi/newlib/libc.a(lib_a-writer.o)
 .debug_abbrev  0x00002ecc      0x1ba /Users/ravalbrijen/workspace/raspi/Raspberry-Pi-/newlib-1.18.0/arm-none-eabi/newlib/libc.a(lib_a-callocr.o)
 .debug_abbrev  0x00003086      0x1a4 /Users/ravalbrijen/workspace/raspi/Raspberry-Pi-/newlib-1.18.0/arm-none-eabi/newlib/libc.a(lib_a-closer.o)
 .debug_abbrev  0x0000322a      0x1b6 /Users/ravalbrijen/workspace/raspi/Raspberry-Pi-/newlib-1.18.0/arm-none-eabi/newlib/libc.a(lib_a-fclose.o)
 .debug_abbrev  0x000033e0      0x1fd /Users/ravalbrijen/workspace/raspi/Raspberry-Pi-/newlib-1.18.0/arm-none-eabi/newlib/libc.a(lib_a-fputwc.o)
 .debug_abbrev  0x000035dd      0x1b3 /Users/ravalbrijen/workspace/raspi/Raspberry-Pi-/newlib-1.18.0/arm-none-eabi/newlib/libc.a(lib_a-fstatr.o)
 .debug_abbrev  0x00003790      0x1a7 /Users/ravalbrijen/workspace/raspi/Raspberry-Pi-/newlib-1.18.0/arm-none-eabi/newlib/libc.a(lib_a-fvwrite.o)
 .debug_abbrev  0x00003937      0x1a4 /Users/ravalbrijen/workspace/raspi/Raspberry-Pi-/newlib-1.18.0/arm-none-eabi/newlib/libc.a(lib_a-isattyr.o)
 .debug_abbrev  0x00003adb      0x1b3 /Users/ravalbrijen/workspace/raspi/Raspberry-Pi-/newlib-1.18.0/arm-none-eabi/newlib/libc.a(lib_a-lseekr.o)
 .debug_abbrev  0x00003c8e       0xa8 /Users/ravalbrijen/workspace/raspi/Raspberry-Pi-/newlib-1.18.0/arm-none-eabi/newlib/libc.a(lib_a-memmove.o)
 .debug_abbrev  0x00003d36      0x1a4 /Users/ravalbrijen/workspace/raspi/Raspberry-Pi-/newlib-1.18.0/arm-none-eabi/newlib/libc.a(lib_a-readr.o)
 .debug_abbrev  0x00003eda      0x1db /Users/ravalbrijen/workspace/raspi/Raspberry-Pi-/newlib-1.18.0/arm-none-eabi/newlib/libc.a(lib_a-reallocr.o)
 .debug_abbrev  0x000040b5      0x1a7 /Users/ravalbrijen/workspace/raspi/Raspberry-Pi-/newlib-1.18.0/arm-none-eabi/newlib/libc.a(lib_a-wbuf.o)
 .debug_abbrev  0x0000425c      0x1ae /Users/ravalbrijen/workspace/raspi/Raspberry-Pi-/newlib-1.18.0/arm-none-eabi/newlib/libc.a(lib_a-wcrtomb.o)
 .debug_abbrev  0x0000440a      0x1e5 /Users/ravalbrijen/workspace/raspi/Raspberry-Pi-/newlib-1.18.0/arm-none-eabi/newlib/libc.a(lib_a-wctomb_r.o)

.debug_aranges  0x00000000      0x5a0
 .debug_aranges
                0x00000000       0x20 src/raspi/setup.o
 .debug_aranges
                0x00000020       0x20 src/raspi/vectors.o
 .debug_aranges
                0x00000040       0x20 src/raspi/interrupts.o
 .debug_aranges
                0x00000060       0x20 src/raspi/main.o
 .debug_aranges
                0x00000080       0x20 src/raspi/serial.o
 .debug_aranges
                0x000000a0       0x20 src/raspi/timer.o
 .debug_aranges
                0x000000c0       0x20 /Users/ravalbrijen/workspace/raspi/Raspberry-Pi-/newlib-1.18.0/arm-none-eabi/newlib/libc.a(lib_a-malloc.o)
 .debug_aranges
                0x000000e0       0x20 /Users/ravalbrijen/workspace/raspi/Raspberry-Pi-/newlib-1.18.0/arm-none-eabi/newlib/libc.a(lib_a-mallocr.o)
 .debug_aranges
                0x00000100       0x20 /Users/ravalbrijen/workspace/raspi/Raspberry-Pi-/newlib-1.18.0/arm-none-eabi/newlib/libc.a(lib_a-mlock.o)
 .debug_aranges
                0x00000120       0x20 /Users/ravalbrijen/workspace/raspi/Raspberry-Pi-/newlib-1.18.0/arm-none-eabi/newlib/libc.a(lib_a-printf.o)
 .debug_aranges
                0x00000140       0x20 /Users/ravalbrijen/workspace/raspi/Raspberry-Pi-/newlib-1.18.0/arm-none-eabi/newlib/libc.a(lib_a-sbrkr.o)
 .debug_aranges
                0x00000160       0x20 /Users/ravalbrijen/workspace/raspi/Raspberry-Pi-/newlib-1.18.0/arm-none-eabi/newlib/libc.a(lib_a-vfprintf.o)
 .debug_aranges
                0x00000180       0x20 /Users/ravalbrijen/workspace/raspi/Raspberry-Pi-/newlib-1.18.0/arm-none-eabi/newlib/libc.a(lib_a-wsetup.o)
 .debug_aranges
                0x000001a0       0x20 /Users/ravalbrijen/workspace/raspi/Raspberry-Pi-/newlib-1.18.0/arm-none-eabi/newlib/libc.a(lib_a-dtoa.o)
 .debug_aranges
                0x000001c0       0x20 /Users/ravalbrijen/workspace/raspi/Raspberry-Pi-/newlib-1.18.0/arm-none-eabi/newlib/libc.a(lib_a-fflush.o)
 .debug_aranges
                0x000001e0       0x20 /Users/ravalbrijen/workspace/raspi/Raspberry-Pi-/newlib-1.18.0/arm-none-eabi/newlib/libc.a(lib_a-findfp.o)
 .debug_aranges
                0x00000200       0x20 /Users/ravalbrijen/workspace/raspi/Raspberry-Pi-/newlib-1.18.0/arm-none-eabi/newlib/libc.a(lib_a-freer.o)
 .debug_aranges
                0x00000220       0x20 /Users/ravalbrijen/workspace/raspi/Raspberry-Pi-/newlib-1.18.0/arm-none-eabi/newlib/libc.a(lib_a-fwalk.o)
 .debug_aranges
                0x00000240       0x20 /Users/ravalbrijen/workspace/raspi/Raspberry-Pi-/newlib-1.18.0/arm-none-eabi/newlib/libc.a(lib_a-locale.o)
 .debug_aranges
                0x00000260       0x20 /Users/ravalbrijen/workspace/raspi/Raspberry-Pi-/newlib-1.18.0/arm-none-eabi/newlib/libc.a(lib_a-makebuf.o)
 .debug_aranges
                0x00000280       0x20 /Users/ravalbrijen/workspace/raspi/Raspberry-Pi-/newlib-1.18.0/arm-none-eabi/newlib/libc.a(lib_a-memchr.o)
 .debug_aranges
                0x000002a0       0x20 /Users/ravalbrijen/workspace/raspi/Raspberry-Pi-/newlib-1.18.0/arm-none-eabi/newlib/libc.a(lib_a-memcpy.o)
 .debug_aranges
                0x000002c0       0x20 /Users/ravalbrijen/workspace/raspi/Raspberry-Pi-/newlib-1.18.0/arm-none-eabi/newlib/libc.a(lib_a-memset.o)
 .debug_aranges
                0x000002e0       0x20 /Users/ravalbrijen/workspace/raspi/Raspberry-Pi-/newlib-1.18.0/arm-none-eabi/newlib/libc.a(lib_a-mprec.o)
 .debug_aranges
                0x00000300       0x20 /Users/ravalbrijen/workspace/raspi/Raspberry-Pi-/newlib-1.18.0/arm-none-eabi/newlib/libc.a(lib_a-reent.o)
 .debug_aranges
                0x00000320       0x20 /Users/ravalbrijen/workspace/raspi/Raspberry-Pi-/newlib-1.18.0/arm-none-eabi/newlib/libc.a(lib_a-s_fpclassify.o)
 .debug_aranges
                0x00000340       0x20 /Users/ravalbrijen/workspace/raspi/Raspberry-Pi-/newlib-1.18.0/arm-none-eabi/newlib/libc.a(lib_a-stdio.o)
 .debug_aranges
                0x00000360       0x20 /Users/ravalbrijen/workspace/raspi/Raspberry-Pi-/newlib-1.18.0/arm-none-eabi/newlib/libc.a(lib_a-strcmp.o)
 .debug_aranges
                0x00000380       0x20 /Users/ravalbrijen/workspace/raspi/Raspberry-Pi-/newlib-1.18.0/arm-none-eabi/newlib/libc.a(lib_a-strlen.o)
 .debug_aranges
                0x000003a0       0x20 /Users/ravalbrijen/workspace/raspi/Raspberry-Pi-/newlib-1.18.0/arm-none-eabi/newlib/libc.a(lib_a-vfiprintf.o)
 .debug_aranges
                0x000003c0       0x20 /Users/ravalbrijen/workspace/raspi/Raspberry-Pi-/newlib-1.18.0/arm-none-eabi/newlib/libc.a(lib_a-writer.o)
 .debug_aranges
                0x000003e0       0x20 /Users/ravalbrijen/workspace/raspi/Raspberry-Pi-/newlib-1.18.0/arm-none-eabi/newlib/libc.a(lib_a-callocr.o)
 .debug_aranges
                0x00000400       0x20 /Users/ravalbrijen/workspace/raspi/Raspberry-Pi-/newlib-1.18.0/arm-none-eabi/newlib/libc.a(lib_a-closer.o)
 .debug_aranges
                0x00000420       0x20 /Users/ravalbrijen/workspace/raspi/Raspberry-Pi-/newlib-1.18.0/arm-none-eabi/newlib/libc.a(lib_a-fclose.o)
 .debug_aranges
                0x00000440       0x20 /Users/ravalbrijen/workspace/raspi/Raspberry-Pi-/newlib-1.18.0/arm-none-eabi/newlib/libc.a(lib_a-fputwc.o)
 .debug_aranges
                0x00000460       0x20 /Users/ravalbrijen/workspace/raspi/Raspberry-Pi-/newlib-1.18.0/arm-none-eabi/newlib/libc.a(lib_a-fstatr.o)
 .debug_aranges
                0x00000480       0x20 /Users/ravalbrijen/workspace/raspi/Raspberry-Pi-/newlib-1.18.0/arm-none-eabi/newlib/libc.a(lib_a-fvwrite.o)
 .debug_aranges
                0x000004a0       0x20 /Users/ravalbrijen/workspace/raspi/Raspberry-Pi-/newlib-1.18.0/arm-none-eabi/newlib/libc.a(lib_a-isattyr.o)
 .debug_aranges
                0x000004c0       0x20 /Users/ravalbrijen/workspace/raspi/Raspberry-Pi-/newlib-1.18.0/arm-none-eabi/newlib/libc.a(lib_a-lseekr.o)
 .debug_aranges
                0x000004e0       0x20 /Users/ravalbrijen/workspace/raspi/Raspberry-Pi-/newlib-1.18.0/arm-none-eabi/newlib/libc.a(lib_a-memmove.o)
 .debug_aranges
                0x00000500       0x20 /Users/ravalbrijen/workspace/raspi/Raspberry-Pi-/newlib-1.18.0/arm-none-eabi/newlib/libc.a(lib_a-readr.o)
 .debug_aranges
                0x00000520       0x20 /Users/ravalbrijen/workspace/raspi/Raspberry-Pi-/newlib-1.18.0/arm-none-eabi/newlib/libc.a(lib_a-reallocr.o)
 .debug_aranges
                0x00000540       0x20 /Users/ravalbrijen/workspace/raspi/Raspberry-Pi-/newlib-1.18.0/arm-none-eabi/newlib/libc.a(lib_a-wbuf.o)
 .debug_aranges
                0x00000560       0x20 /Users/ravalbrijen/workspace/raspi/Raspberry-Pi-/newlib-1.18.0/arm-none-eabi/newlib/libc.a(lib_a-wcrtomb.o)
 .debug_aranges
                0x00000580       0x20 /Users/ravalbrijen/workspace/raspi/Raspberry-Pi-/newlib-1.18.0/arm-none-eabi/newlib/libc.a(lib_a-wctomb_r.o)

.debug_loc      0x00000000     0xa45c
 .debug_loc     0x00000000       0x2c src/raspi/interrupts.o
 .debug_loc     0x0000002c       0x58 src/raspi/main.o
 .debug_loc     0x00000084       0xb0 src/raspi/serial.o
 .debug_loc     0x00000134       0x2c src/raspi/timer.o
 .debug_loc     0x00000160       0x7c /Users/ravalbrijen/workspace/raspi/Raspberry-Pi-/newlib-1.18.0/arm-none-eabi/newlib/libc.a(lib_a-malloc.o)
 .debug_loc     0x000001dc      0x8b3 /Users/ravalbrijen/workspace/raspi/Raspberry-Pi-/newlib-1.18.0/arm-none-eabi/newlib/libc.a(lib_a-mallocr.o)
 .debug_loc     0x00000a8f       0x97 /Users/ravalbrijen/workspace/raspi/Raspberry-Pi-/newlib-1.18.0/arm-none-eabi/newlib/libc.a(lib_a-printf.o)
 .debug_loc     0x00000b26       0x51 /Users/ravalbrijen/workspace/raspi/Raspberry-Pi-/newlib-1.18.0/arm-none-eabi/newlib/libc.a(lib_a-sbrkr.o)
 .debug_loc     0x00000b77     0x1f06 /Users/ravalbrijen/workspace/raspi/Raspberry-Pi-/newlib-1.18.0/arm-none-eabi/newlib/libc.a(lib_a-vfprintf.o)
 .debug_loc     0x00002a7d       0x5c /Users/ravalbrijen/workspace/raspi/Raspberry-Pi-/newlib-1.18.0/arm-none-eabi/newlib/libc.a(lib_a-wsetup.o)
 .debug_loc     0x00002ad9     0x1ebc /Users/ravalbrijen/workspace/raspi/Raspberry-Pi-/newlib-1.18.0/arm-none-eabi/newlib/libc.a(lib_a-dtoa.o)
 .debug_loc     0x00004995      0x208 /Users/ravalbrijen/workspace/raspi/Raspberry-Pi-/newlib-1.18.0/arm-none-eabi/newlib/libc.a(lib_a-fflush.o)
 .debug_loc     0x00004b9d      0x2c2 /Users/ravalbrijen/workspace/raspi/Raspberry-Pi-/newlib-1.18.0/arm-none-eabi/newlib/libc.a(lib_a-findfp.o)
 .debug_loc     0x00004e5f      0x370 /Users/ravalbrijen/workspace/raspi/Raspberry-Pi-/newlib-1.18.0/arm-none-eabi/newlib/libc.a(lib_a-freer.o)
 .debug_loc     0x000051cf      0x20d /Users/ravalbrijen/workspace/raspi/Raspberry-Pi-/newlib-1.18.0/arm-none-eabi/newlib/libc.a(lib_a-fwalk.o)
 .debug_loc     0x000053dc       0xb3 /Users/ravalbrijen/workspace/raspi/Raspberry-Pi-/newlib-1.18.0/arm-none-eabi/newlib/libc.a(lib_a-locale.o)
 .debug_loc     0x0000548f      0x102 /Users/ravalbrijen/workspace/raspi/Raspberry-Pi-/newlib-1.18.0/arm-none-eabi/newlib/libc.a(lib_a-makebuf.o)
 .debug_loc     0x00005591      0x157 /Users/ravalbrijen/workspace/raspi/Raspberry-Pi-/newlib-1.18.0/arm-none-eabi/newlib/libc.a(lib_a-memchr.o)
 .debug_loc     0x000056e8      0x17d /Users/ravalbrijen/workspace/raspi/Raspberry-Pi-/newlib-1.18.0/arm-none-eabi/newlib/libc.a(lib_a-memcpy.o)
 .debug_loc     0x00005865      0x1e5 /Users/ravalbrijen/workspace/raspi/Raspberry-Pi-/newlib-1.18.0/arm-none-eabi/newlib/libc.a(lib_a-memset.o)
 .debug_loc     0x00005a4a     0x1647 /Users/ravalbrijen/workspace/raspi/Raspberry-Pi-/newlib-1.18.0/arm-none-eabi/newlib/libc.a(lib_a-mprec.o)
 .debug_loc     0x00007091      0x1dc /Users/ravalbrijen/workspace/raspi/Raspberry-Pi-/newlib-1.18.0/arm-none-eabi/newlib/libc.a(lib_a-reent.o)
 .debug_loc     0x0000726d       0x75 /Users/ravalbrijen/workspace/raspi/Raspberry-Pi-/newlib-1.18.0/arm-none-eabi/newlib/libc.a(lib_a-s_fpclassify.o)
 .debug_loc     0x000072e2      0x22e /Users/ravalbrijen/workspace/raspi/Raspberry-Pi-/newlib-1.18.0/arm-none-eabi/newlib/libc.a(lib_a-stdio.o)
 .debug_loc     0x00007510       0x26 /Users/ravalbrijen/workspace/raspi/Raspberry-Pi-/newlib-1.18.0/arm-none-eabi/newlib/libc.a(lib_a-strcmp.o)
 .debug_loc     0x00007536       0x13 /Users/ravalbrijen/workspace/raspi/Raspberry-Pi-/newlib-1.18.0/arm-none-eabi/newlib/libc.a(lib_a-strlen.o)
 .debug_loc     0x00007549     0x13bb /Users/ravalbrijen/workspace/raspi/Raspberry-Pi-/newlib-1.18.0/arm-none-eabi/newlib/libc.a(lib_a-vfiprintf.o)
 .debug_loc     0x00008904       0x98 /Users/ravalbrijen/workspace/raspi/Raspberry-Pi-/newlib-1.18.0/arm-none-eabi/newlib/libc.a(lib_a-writer.o)
 .debug_loc     0x0000899c      0x179 /Users/ravalbrijen/workspace/raspi/Raspberry-Pi-/newlib-1.18.0/arm-none-eabi/newlib/libc.a(lib_a-callocr.o)
 .debug_loc     0x00008b15       0x51 /Users/ravalbrijen/workspace/raspi/Raspberry-Pi-/newlib-1.18.0/arm-none-eabi/newlib/libc.a(lib_a-closer.o)
 .debug_loc     0x00008b66       0xa3 /Users/ravalbrijen/workspace/raspi/Raspberry-Pi-/newlib-1.18.0/arm-none-eabi/newlib/libc.a(lib_a-fclose.o)
 .debug_loc     0x00008c09      0x173 /Users/ravalbrijen/workspace/raspi/Raspberry-Pi-/newlib-1.18.0/arm-none-eabi/newlib/libc.a(lib_a-fputwc.o)
 .debug_loc     0x00008d7c       0x6f /Users/ravalbrijen/workspace/raspi/Raspberry-Pi-/newlib-1.18.0/arm-none-eabi/newlib/libc.a(lib_a-fstatr.o)
 .debug_loc     0x00008deb      0x4b4 /Users/ravalbrijen/workspace/raspi/Raspberry-Pi-/newlib-1.18.0/arm-none-eabi/newlib/libc.a(lib_a-fvwrite.o)
 .debug_loc     0x0000929f       0x51 /Users/ravalbrijen/workspace/raspi/Raspberry-Pi-/newlib-1.18.0/arm-none-eabi/newlib/libc.a(lib_a-isattyr.o)
 .debug_loc     0x000092f0       0x98 /Users/ravalbrijen/workspace/raspi/Raspberry-Pi-/newlib-1.18.0/arm-none-eabi/newlib/libc.a(lib_a-lseekr.o)
 .debug_loc     0x00009388      0x20f /Users/ravalbrijen/workspace/raspi/Raspberry-Pi-/newlib-1.18.0/arm-none-eabi/newlib/libc.a(lib_a-memmove.o)
 .debug_loc     0x00009597       0x98 /Users/ravalbrijen/workspace/raspi/Raspberry-Pi-/newlib-1.18.0/arm-none-eabi/newlib/libc.a(lib_a-readr.o)
 .debug_loc     0x0000962f      0xa95 /Users/ravalbrijen/workspace/raspi/Raspberry-Pi-/newlib-1.18.0/arm-none-eabi/newlib/libc.a(lib_a-reallocr.o)
 .debug_loc     0x0000a0c4      0x117 /Users/ravalbrijen/workspace/raspi/Raspberry-Pi-/newlib-1.18.0/arm-none-eabi/newlib/libc.a(lib_a-wbuf.o)
 .debug_loc     0x0000a1db      0x1a1 /Users/ravalbrijen/workspace/raspi/Raspberry-Pi-/newlib-1.18.0/arm-none-eabi/newlib/libc.a(lib_a-wcrtomb.o)
 .debug_loc     0x0000a37c       0xe0 /Users/ravalbrijen/workspace/raspi/Raspberry-Pi-/newlib-1.18.0/arm-none-eabi/newlib/libc.a(lib_a-wctomb_r.o)

.debug_str      0x00000000     0x1998
 .debug_str     0x00000000       0xcb src/raspi/interrupts.o
                                 0xeb (size before relaxing)
 .debug_str     0x000000cb       0x20 src/raspi/main.o
                                0x106 (size before relaxing)
 .debug_str     0x000000eb       0x41 src/raspi/serial.o
                                0x105 (size before relaxing)
 .debug_str     0x0000012c       0x25 src/raspi/timer.o
                                 0xe4 (size before relaxing)
 .debug_str     0x00000151      0x404 /Users/ravalbrijen/workspace/raspi/Raspberry-Pi-/newlib-1.18.0/arm-none-eabi/newlib/libc.a(lib_a-malloc.o)
                                0x4f9 (size before relaxing)
 .debug_str     0x00000555      0x1f7 /Users/ravalbrijen/workspace/raspi/Raspberry-Pi-/newlib-1.18.0/arm-none-eabi/newlib/libc.a(lib_a-mallocr.o)
                                0x6ce (size before relaxing)
 .debug_str     0x0000074c       0x5c /Users/ravalbrijen/workspace/raspi/Raspberry-Pi-/newlib-1.18.0/arm-none-eabi/newlib/libc.a(lib_a-mlock.o)
                                0x500 (size before relaxing)
 .debug_str     0x000007a8       0xb0 /Users/ravalbrijen/workspace/raspi/Raspberry-Pi-/newlib-1.18.0/arm-none-eabi/newlib/libc.a(lib_a-printf.o)
                                0x50f (size before relaxing)
 .debug_str     0x00000858       0xa4 /Users/ravalbrijen/workspace/raspi/Raspberry-Pi-/newlib-1.18.0/arm-none-eabi/newlib/libc.a(lib_a-sbrkr.o)
                                0x4ee (size before relaxing)
 .debug_str     0x000008fc      0x1b1 /Users/ravalbrijen/workspace/raspi/Raspberry-Pi-/newlib-1.18.0/arm-none-eabi/newlib/libc.a(lib_a-vfprintf.o)
                                0x6e5 (size before relaxing)
 .debug_str     0x00000aad       0x35 /Users/ravalbrijen/workspace/raspi/Raspberry-Pi-/newlib-1.18.0/arm-none-eabi/newlib/libc.a(lib_a-wsetup.o)
                                0x4e9 (size before relaxing)
 .debug_str     0x00000ae2       0xf1 /Users/ravalbrijen/workspace/raspi/Raspberry-Pi-/newlib-1.18.0/arm-none-eabi/newlib/libc.a(lib_a-dtoa.o)
                                0x5de (size before relaxing)
 .debug_str     0x00000bd3       0x5e /Users/ravalbrijen/workspace/raspi/Raspberry-Pi-/newlib-1.18.0/arm-none-eabi/newlib/libc.a(lib_a-fflush.o)
                                0x519 (size before relaxing)
 .debug_str     0x00000c31       0xf1 /Users/ravalbrijen/workspace/raspi/Raspberry-Pi-/newlib-1.18.0/arm-none-eabi/newlib/libc.a(lib_a-findfp.o)
                                0x5d1 (size before relaxing)
 .debug_str     0x00000d22       0x3c /Users/ravalbrijen/workspace/raspi/Raspberry-Pi-/newlib-1.18.0/arm-none-eabi/newlib/libc.a(lib_a-freer.o)
                                0x620 (size before relaxing)
 .debug_str     0x00000d5e       0x4d /Users/ravalbrijen/workspace/raspi/Raspberry-Pi-/newlib-1.18.0/arm-none-eabi/newlib/libc.a(lib_a-fwalk.o)
                                0x512 (size before relaxing)
 .debug_str     0x00000dab       0x35 /Users/ravalbrijen/workspace/raspi/Raspberry-Pi-/newlib-1.18.0/arm-none-eabi/newlib/libc.a(lib_a-impure.o)
                                0x4f7 (size before relaxing)
 .debug_str     0x00000de0      0x251 /Users/ravalbrijen/workspace/raspi/Raspberry-Pi-/newlib-1.18.0/arm-none-eabi/newlib/libc.a(lib_a-locale.o)
                                0x739 (size before relaxing)
 .debug_str     0x00001031      0x112 /Users/ravalbrijen/workspace/raspi/Raspberry-Pi-/newlib-1.18.0/arm-none-eabi/newlib/libc.a(lib_a-makebuf.o)
                                0x5e3 (size before relaxing)
 .debug_str     0x00001143       0xa4 /Users/ravalbrijen/workspace/raspi/Raspberry-Pi-/newlib-1.18.0/arm-none-eabi/newlib/libc.a(lib_a-memchr.o)
                                0x147 (size before relaxing)
 .debug_str     0x000011e7       0x58 /Users/ravalbrijen/workspace/raspi/Raspberry-Pi-/newlib-1.18.0/arm-none-eabi/newlib/libc.a(lib_a-memcpy.o)
                                0x154 (size before relaxing)
 .debug_str     0x0000123f       0x45 /Users/ravalbrijen/workspace/raspi/Raspberry-Pi-/newlib-1.18.0/arm-none-eabi/newlib/libc.a(lib_a-memset.o)
                                0x141 (size before relaxing)
 .debug_str     0x00001284       0xe7 /Users/ravalbrijen/workspace/raspi/Raspberry-Pi-/newlib-1.18.0/arm-none-eabi/newlib/libc.a(lib_a-mprec.o)
                                0x5eb (size before relaxing)
 .debug_str     0x0000136b       0x62 /Users/ravalbrijen/workspace/raspi/Raspberry-Pi-/newlib-1.18.0/arm-none-eabi/newlib/libc.a(lib_a-reent.o)
                                0x51c (size before relaxing)
 .debug_str     0x000013cd       0xc0 /Users/ravalbrijen/workspace/raspi/Raspberry-Pi-/newlib-1.18.0/arm-none-eabi/newlib/libc.a(lib_a-s_fpclassify.o)
                                0x17f (size before relaxing)
 .debug_str     0x0000148d       0x5c /Users/ravalbrijen/workspace/raspi/Raspberry-Pi-/newlib-1.18.0/arm-none-eabi/newlib/libc.a(lib_a-stdio.o)
                                0x51e (size before relaxing)
 .debug_str     0x000014e9       0xaf /Users/ravalbrijen/workspace/raspi/Raspberry-Pi-/newlib-1.18.0/arm-none-eabi/newlib/libc.a(lib_a-strcmp.o)
                                0x144 (size before relaxing)
 .debug_str     0x00001598       0x39 /Users/ravalbrijen/workspace/raspi/Raspberry-Pi-/newlib-1.18.0/arm-none-eabi/newlib/libc.a(lib_a-strlen.o)
                                0x13a (size before relaxing)
 .debug_str     0x000015d1       0x2a /Users/ravalbrijen/workspace/raspi/Raspberry-Pi-/newlib-1.18.0/arm-none-eabi/newlib/libc.a(lib_a-vfiprintf.o)
                                0x65e (size before relaxing)
 .debug_str     0x000015fb       0x3b /Users/ravalbrijen/workspace/raspi/Raspberry-Pi-/newlib-1.18.0/arm-none-eabi/newlib/libc.a(lib_a-writer.o)
                                0x4eb (size before relaxing)
 .debug_str     0x00001636       0x19 /Users/ravalbrijen/workspace/raspi/Raspberry-Pi-/newlib-1.18.0/arm-none-eabi/newlib/libc.a(lib_a-callocr.o)
                                0x51f (size before relaxing)
 .debug_str     0x0000164f       0x32 /Users/ravalbrijen/workspace/raspi/Raspberry-Pi-/newlib-1.18.0/arm-none-eabi/newlib/libc.a(lib_a-closer.o)
                                0x4db (size before relaxing)
 .debug_str     0x00001681       0x3a /Users/ravalbrijen/workspace/raspi/Raspberry-Pi-/newlib-1.18.0/arm-none-eabi/newlib/libc.a(lib_a-fclose.o)
                                0x4f3 (size before relaxing)
 .debug_str     0x000016bb       0x3c /Users/ravalbrijen/workspace/raspi/Raspberry-Pi-/newlib-1.18.0/arm-none-eabi/newlib/libc.a(lib_a-fputwc.o)
                                0x513 (size before relaxing)
 .debug_str     0x000016f7       0x3f /Users/ravalbrijen/workspace/raspi/Raspberry-Pi-/newlib-1.18.0/arm-none-eabi/newlib/libc.a(lib_a-fstatr.o)
                                0x5d5 (size before relaxing)
 .debug_str     0x00001736       0x55 /Users/ravalbrijen/workspace/raspi/Raspberry-Pi-/newlib-1.18.0/arm-none-eabi/newlib/libc.a(lib_a-fvwrite.o)
                                0x540 (size before relaxing)
 .debug_str     0x0000178b       0x3c /Users/ravalbrijen/workspace/raspi/Raspberry-Pi-/newlib-1.18.0/arm-none-eabi/newlib/libc.a(lib_a-isattyr.o)
                                0x4e5 (size before relaxing)
 .debug_str     0x000017c7       0x39 /Users/ravalbrijen/workspace/raspi/Raspberry-Pi-/newlib-1.18.0/arm-none-eabi/newlib/libc.a(lib_a-lseekr.o)
                                0x4f0 (size before relaxing)
 .debug_str     0x00001800       0x3c /Users/ravalbrijen/workspace/raspi/Raspberry-Pi-/newlib-1.18.0/arm-none-eabi/newlib/libc.a(lib_a-memmove.o)
                                0x160 (size before relaxing)
 .debug_str     0x0000183c       0x30 /Users/ravalbrijen/workspace/raspi/Raspberry-Pi-/newlib-1.18.0/arm-none-eabi/newlib/libc.a(lib_a-readr.o)
                                0x4e9 (size before relaxing)
 .debug_str     0x0000186c       0x59 /Users/ravalbrijen/workspace/raspi/Raspberry-Pi-/newlib-1.18.0/arm-none-eabi/newlib/libc.a(lib_a-reallocr.o)
                                0x5a0 (size before relaxing)
 .debug_str     0x000018c5       0x39 /Users/ravalbrijen/workspace/raspi/Raspberry-Pi-/newlib-1.18.0/arm-none-eabi/newlib/libc.a(lib_a-wbuf.o)
                                0x4ed (size before relaxing)
 .debug_str     0x000018fe       0x4e /Users/ravalbrijen/workspace/raspi/Raspberry-Pi-/newlib-1.18.0/arm-none-eabi/newlib/libc.a(lib_a-wcrtomb.o)
                                0x517 (size before relaxing)
 .debug_str     0x0000194c       0x4c /Users/ravalbrijen/workspace/raspi/Raspberry-Pi-/newlib-1.18.0/arm-none-eabi/newlib/libc.a(lib_a-wctomb_r.o)
                                0x526 (size before relaxing)

.debug_frame    0x00000000      0xdac
 .debug_frame   0x00000000       0x2c src/raspi/interrupts.o
 .debug_frame   0x0000002c       0x44 src/raspi/main.o
 .debug_frame   0x00000070       0x80 src/raspi/serial.o
 .debug_frame   0x000000f0       0x2c src/raspi/timer.o
 .debug_frame   0x0000011c       0x40 /Users/ravalbrijen/workspace/raspi/Raspberry-Pi-/newlib-1.18.0/arm-none-eabi/newlib/libc.a(lib_a-malloc.o)
 .debug_frame   0x0000015c       0x38 /Users/ravalbrijen/workspace/raspi/Raspberry-Pi-/newlib-1.18.0/arm-none-eabi/newlib/libc.a(lib_a-mallocr.o)
 .debug_frame   0x00000194       0x30 /Users/ravalbrijen/workspace/raspi/Raspberry-Pi-/newlib-1.18.0/arm-none-eabi/newlib/libc.a(lib_a-mlock.o)
 .debug_frame   0x000001c4       0x58 /Users/ravalbrijen/workspace/raspi/Raspberry-Pi-/newlib-1.18.0/arm-none-eabi/newlib/libc.a(lib_a-printf.o)
 .debug_frame   0x0000021c       0x2c /Users/ravalbrijen/workspace/raspi/Raspberry-Pi-/newlib-1.18.0/arm-none-eabi/newlib/libc.a(lib_a-sbrkr.o)
 .debug_frame   0x00000248       0x58 /Users/ravalbrijen/workspace/raspi/Raspberry-Pi-/newlib-1.18.0/arm-none-eabi/newlib/libc.a(lib_a-vfprintf.o)
 .debug_frame   0x000002a0       0x2c /Users/ravalbrijen/workspace/raspi/Raspberry-Pi-/newlib-1.18.0/arm-none-eabi/newlib/libc.a(lib_a-wsetup.o)
 .debug_frame   0x000002cc       0x64 /Users/ravalbrijen/workspace/raspi/Raspberry-Pi-/newlib-1.18.0/arm-none-eabi/newlib/libc.a(lib_a-dtoa.o)
 .debug_frame   0x00000330       0x48 /Users/ravalbrijen/workspace/raspi/Raspberry-Pi-/newlib-1.18.0/arm-none-eabi/newlib/libc.a(lib_a-fflush.o)
 .debug_frame   0x00000378      0x134 /Users/ravalbrijen/workspace/raspi/Raspberry-Pi-/newlib-1.18.0/arm-none-eabi/newlib/libc.a(lib_a-findfp.o)
 .debug_frame   0x000004ac       0x50 /Users/ravalbrijen/workspace/raspi/Raspberry-Pi-/newlib-1.18.0/arm-none-eabi/newlib/libc.a(lib_a-freer.o)
 .debug_frame   0x000004fc       0x54 /Users/ravalbrijen/workspace/raspi/Raspberry-Pi-/newlib-1.18.0/arm-none-eabi/newlib/libc.a(lib_a-fwalk.o)
 .debug_frame   0x00000550       0x88 /Users/ravalbrijen/workspace/raspi/Raspberry-Pi-/newlib-1.18.0/arm-none-eabi/newlib/libc.a(lib_a-locale.o)
 .debug_frame   0x000005d8       0x30 /Users/ravalbrijen/workspace/raspi/Raspberry-Pi-/newlib-1.18.0/arm-none-eabi/newlib/libc.a(lib_a-makebuf.o)
 .debug_frame   0x00000608       0x2c /Users/ravalbrijen/workspace/raspi/Raspberry-Pi-/newlib-1.18.0/arm-none-eabi/newlib/libc.a(lib_a-memchr.o)
 .debug_frame   0x00000634       0x2c /Users/ravalbrijen/workspace/raspi/Raspberry-Pi-/newlib-1.18.0/arm-none-eabi/newlib/libc.a(lib_a-memcpy.o)
 .debug_frame   0x00000660       0x28 /Users/ravalbrijen/workspace/raspi/Raspberry-Pi-/newlib-1.18.0/arm-none-eabi/newlib/libc.a(lib_a-memset.o)
 .debug_frame   0x00000688      0x218 /Users/ravalbrijen/workspace/raspi/Raspberry-Pi-/newlib-1.18.0/arm-none-eabi/newlib/libc.a(lib_a-mprec.o)
 .debug_frame   0x000008a0       0x68 /Users/ravalbrijen/workspace/raspi/Raspberry-Pi-/newlib-1.18.0/arm-none-eabi/newlib/libc.a(lib_a-reent.o)
 .debug_frame   0x00000908       0x20 /Users/ravalbrijen/workspace/raspi/Raspberry-Pi-/newlib-1.18.0/arm-none-eabi/newlib/libc.a(lib_a-s_fpclassify.o)
 .debug_frame   0x00000928       0x88 /Users/ravalbrijen/workspace/raspi/Raspberry-Pi-/newlib-1.18.0/arm-none-eabi/newlib/libc.a(lib_a-stdio.o)
 .debug_frame   0x000009b0       0x30 /Users/ravalbrijen/workspace/raspi/Raspberry-Pi-/newlib-1.18.0/arm-none-eabi/newlib/libc.a(lib_a-strcmp.o)
 .debug_frame   0x000009e0       0x20 /Users/ravalbrijen/workspace/raspi/Raspberry-Pi-/newlib-1.18.0/arm-none-eabi/newlib/libc.a(lib_a-strlen.o)
 .debug_frame   0x00000a00       0x7c /Users/ravalbrijen/workspace/raspi/Raspberry-Pi-/newlib-1.18.0/arm-none-eabi/newlib/libc.a(lib_a-vfiprintf.o)
 .debug_frame   0x00000a7c       0x2c /Users/ravalbrijen/workspace/raspi/Raspberry-Pi-/newlib-1.18.0/arm-none-eabi/newlib/libc.a(lib_a-writer.o)
 .debug_frame   0x00000aa8       0x28 /Users/ravalbrijen/workspace/raspi/Raspberry-Pi-/newlib-1.18.0/arm-none-eabi/newlib/libc.a(lib_a-callocr.o)
 .debug_frame   0x00000ad0       0x2c /Users/ravalbrijen/workspace/raspi/Raspberry-Pi-/newlib-1.18.0/arm-none-eabi/newlib/libc.a(lib_a-closer.o)
 .debug_frame   0x00000afc       0x3c /Users/ravalbrijen/workspace/raspi/Raspberry-Pi-/newlib-1.18.0/arm-none-eabi/newlib/libc.a(lib_a-fclose.o)
 .debug_frame   0x00000b38       0x50 /Users/ravalbrijen/workspace/raspi/Raspberry-Pi-/newlib-1.18.0/arm-none-eabi/newlib/libc.a(lib_a-fputwc.o)
 .debug_frame   0x00000b88       0x2c /Users/ravalbrijen/workspace/raspi/Raspberry-Pi-/newlib-1.18.0/arm-none-eabi/newlib/libc.a(lib_a-fstatr.o)
 .debug_frame   0x00000bb4       0x38 /Users/ravalbrijen/workspace/raspi/Raspberry-Pi-/newlib-1.18.0/arm-none-eabi/newlib/libc.a(lib_a-fvwrite.o)
 .debug_frame   0x00000bec       0x2c /Users/ravalbrijen/workspace/raspi/Raspberry-Pi-/newlib-1.18.0/arm-none-eabi/newlib/libc.a(lib_a-isattyr.o)
 .debug_frame   0x00000c18       0x2c /Users/ravalbrijen/workspace/raspi/Raspberry-Pi-/newlib-1.18.0/arm-none-eabi/newlib/libc.a(lib_a-lseekr.o)
 .debug_frame   0x00000c44       0x2c /Users/ravalbrijen/workspace/raspi/Raspberry-Pi-/newlib-1.18.0/arm-none-eabi/newlib/libc.a(lib_a-memmove.o)
 .debug_frame   0x00000c70       0x2c /Users/ravalbrijen/workspace/raspi/Raspberry-Pi-/newlib-1.18.0/arm-none-eabi/newlib/libc.a(lib_a-readr.o)
 .debug_frame   0x00000c9c       0x38 /Users/ravalbrijen/workspace/raspi/Raspberry-Pi-/newlib-1.18.0/arm-none-eabi/newlib/libc.a(lib_a-reallocr.o)
 .debug_frame   0x00000cd4       0x3c /Users/ravalbrijen/workspace/raspi/Raspberry-Pi-/newlib-1.18.0/arm-none-eabi/newlib/libc.a(lib_a-wbuf.o)
 .debug_frame   0x00000d10       0x58 /Users/ravalbrijen/workspace/raspi/Raspberry-Pi-/newlib-1.18.0/arm-none-eabi/newlib/libc.a(lib_a-wcrtomb.o)
 .debug_frame   0x00000d68       0x44 /Users/ravalbrijen/workspace/raspi/Raspberry-Pi-/newlib-1.18.0/arm-none-eabi/newlib/libc.a(lib_a-wctomb_r.o)

.debug_ranges   0x00000000      0x328
 .debug_ranges  0x00000000       0x40 /Users/ravalbrijen/workspace/raspi/Raspberry-Pi-/newlib-1.18.0/arm-none-eabi/newlib/libc.a(lib_a-mallocr.o)
 .debug_ranges  0x00000040       0xe8 /Users/ravalbrijen/workspace/raspi/Raspberry-Pi-/newlib-1.18.0/arm-none-eabi/newlib/libc.a(lib_a-vfprintf.o)
 .debug_ranges  0x00000128       0x68 /Users/ravalbrijen/workspace/raspi/Raspberry-Pi-/newlib-1.18.0/arm-none-eabi/newlib/libc.a(lib_a-fflush.o)
 .debug_ranges  0x00000190       0x30 /Users/ravalbrijen/workspace/raspi/Raspberry-Pi-/newlib-1.18.0/arm-none-eabi/newlib/libc.a(lib_a-mprec.o)
 .debug_ranges  0x000001c0       0x68 /Users/ravalbrijen/workspace/raspi/Raspberry-Pi-/newlib-1.18.0/arm-none-eabi/newlib/libc.a(lib_a-vfiprintf.o)
 .debug_ranges  0x00000228       0x18 /Users/ravalbrijen/workspace/raspi/Raspberry-Pi-/newlib-1.18.0/arm-none-eabi/newlib/libc.a(lib_a-callocr.o)
 .debug_ranges  0x00000240       0x50 /Users/ravalbrijen/workspace/raspi/Raspberry-Pi-/newlib-1.18.0/arm-none-eabi/newlib/libc.a(lib_a-fputwc.o)
 .debug_ranges  0x00000290       0x98 /Users/ravalbrijen/workspace/raspi/Raspberry-Pi-/newlib-1.18.0/arm-none-eabi/newlib/libc.a(lib_a-reallocr.o)
