Archive member included because of file (symbol)

/Users/ravalbrijen/workspace/raspi/Raspberry-Pi/newlib-1.18.0/arm-none-eabi/newlib/libc.a(lib_a-malloc.o)
                              src/raspi/main.o (malloc)
/Users/ravalbrijen/workspace/raspi/Raspberry-Pi/newlib-1.18.0/arm-none-eabi/newlib/libc.a(lib_a-mallocr.o)
                              /Users/ravalbrijen/workspace/raspi/Raspberry-Pi/newlib-1.18.0/arm-none-eabi/newlib/libc.a(lib_a-malloc.o) (_malloc_r)
/Users/ravalbrijen/workspace/raspi/Raspberry-Pi/newlib-1.18.0/arm-none-eabi/newlib/libc.a(lib_a-mlock.o)
                              /Users/ravalbrijen/workspace/raspi/Raspberry-Pi/newlib-1.18.0/arm-none-eabi/newlib/libc.a(lib_a-mallocr.o) (__malloc_lock)
/Users/ravalbrijen/workspace/raspi/Raspberry-Pi/newlib-1.18.0/arm-none-eabi/newlib/libc.a(lib_a-sbrkr.o)
                              /Users/ravalbrijen/workspace/raspi/Raspberry-Pi/newlib-1.18.0/arm-none-eabi/newlib/libc.a(lib_a-mallocr.o) (_sbrk_r)
/Users/ravalbrijen/workspace/raspi/Raspberry-Pi/newlib-1.18.0/arm-none-eabi/newlib/libc.a(lib_a-freer.o)
                              /Users/ravalbrijen/workspace/raspi/Raspberry-Pi/newlib-1.18.0/arm-none-eabi/newlib/libc.a(lib_a-malloc.o) (_free_r)
/Users/ravalbrijen/workspace/raspi/Raspberry-Pi/newlib-1.18.0/arm-none-eabi/newlib/libc.a(lib_a-impure.o)
                              /Users/ravalbrijen/workspace/raspi/Raspberry-Pi/newlib-1.18.0/arm-none-eabi/newlib/libc.a(lib_a-malloc.o) (_impure_ptr)
/Users/ravalbrijen/workspace/raspi/Raspberry-Pi/newlib-1.18.0/arm-none-eabi/newlib/libc.a(lib_a-reent.o)
                              /Users/ravalbrijen/workspace/raspi/Raspberry-Pi/newlib-1.18.0/arm-none-eabi/newlib/libc.a(lib_a-sbrkr.o) (errno)

Allocating common symbols
Common symbol       size              file

errno               0x4               /Users/ravalbrijen/workspace/raspi/Raspberry-Pi/newlib-1.18.0/arm-none-eabi/newlib/libc.a(lib_a-reent.o)
appendFileLocation  0x4               src/raspi/main.o
firstDataSector     0x4               src/raspi/main.o
fileSize            0x4               src/raspi/main.o
bytesPerSector      0x4               src/raspi/main.o
totalClusters       0x4               src/raspi/main.o
rootCluster         0x4               src/raspi/main.o
icount              0x4               src/raspi/interrupts.o
buffer              0x200             src/raspi/sdcard.o
sectorPerCluster    0x4               src/raspi/main.o
unusedSectors       0x4               src/raspi/main.o
reservedSectorCount
                    0x4               src/raspi/main.o
appendStartCluster  0x4               src/raspi/main.o
freeClusterCountUpdated
                    0x1               src/raspi/main.o
appendFileSector    0x4               src/raspi/main.o

Memory Configuration

Name             Origin             Length             Attributes
ram              0x0000000000000000 0x0000000001000000
*default*        0x0000000000000000 0xffffffffffffffff

Linker script and memory map

LOAD src/raspi/setup.o
LOAD src/raspi/vectors.o
LOAD src/raspi/extra.o
LOAD src/raspi/interrupts.o
LOAD src/raspi/main.o
LOAD src/raspi/sdcard.o
LOAD src/raspi/serial.o
LOAD src/raspi/timer.o

.text           0x0000000000000000     0x2744
 *(.text)
 .text          0x0000000000000000      0x60c src/raspi/setup.o
                0x0000000000000000                _init
                0x00000000000000dc                dummy
                0x00000000000000e0                enable_irq
                0x00000000000005f0                supervisor_sp
                0x00000000000005f0                exc_stack
 .text          0x000000000000060c       0x2c src/raspi/vectors.o
                0x000000000000060c                PUT32
                0x0000000000000614                PUT16
                0x000000000000061c                PUT8
                0x0000000000000624                GET32
                0x000000000000062c                GETPC
                0x0000000000000634                BRANCHTO
 .text          0x0000000000000638      0x138 src/raspi/extra.o
                0x0000000000000638                _write
                0x00000000000006d0                _sbrk
                0x00000000000006e4                _close
                0x00000000000006f8                _fstat
                0x000000000000070c                _isatty
                0x0000000000000720                _lseek
                0x0000000000000734                _read
 .text          0x0000000000000770       0x6c src/raspi/interrupts.o
                0x0000000000000770                c_irq_handler
 .text          0x00000000000007dc       0xec src/raspi/main.o
                0x00000000000007dc                not_main
                0x0000000000000880                delay
 .text          0x00000000000008c8      0xdfc src/raspi/sdcard.o
                0x00000000000008c8                wait
                0x0000000000000910                sd_init
                0x0000000000000d30                sd_block_write
                0x0000000000000e70                sd_block_read
                0x0000000000001020                list_root_directory
                0x00000000000012dc                fopen
                0x000000000000163c                fread
 .text          0x00000000000016c4      0x33c src/raspi/serial.o
                0x00000000000016c4                serial_init
                0x0000000000001834                print_s
                0x0000000000001884                print_ch
                0x00000000000018d4                get_char
                0x0000000000001938                hexstrings
                0x00000000000019d0                hexstring
 .text          0x0000000000001a00       0x9c src/raspi/timer.o
                0x0000000000001a00                timer_init
 .text          0x0000000000001a9c       0x40 /Users/ravalbrijen/workspace/raspi/Raspberry-Pi/newlib-1.18.0/arm-none-eabi/newlib/libc.a(lib_a-malloc.o)
                0x0000000000001a9c                malloc
                0x0000000000001abc                free
 .text          0x0000000000001adc      0x71c /Users/ravalbrijen/workspace/raspi/Raspberry-Pi/newlib-1.18.0/arm-none-eabi/newlib/libc.a(lib_a-mallocr.o)
                0x0000000000001adc                _malloc_r
 .text          0x00000000000021f8        0x8 /Users/ravalbrijen/workspace/raspi/Raspberry-Pi/newlib-1.18.0/arm-none-eabi/newlib/libc.a(lib_a-mlock.o)
                0x00000000000021f8                __malloc_lock
                0x00000000000021fc                __malloc_unlock
 .text          0x0000000000002200       0x40 /Users/ravalbrijen/workspace/raspi/Raspberry-Pi/newlib-1.18.0/arm-none-eabi/newlib/libc.a(lib_a-sbrkr.o)
                0x0000000000002200                _sbrk_r
 .text          0x0000000000002240      0x368 /Users/ravalbrijen/workspace/raspi/Raspberry-Pi/newlib-1.18.0/arm-none-eabi/newlib/libc.a(lib_a-freer.o)
                0x0000000000002240                _malloc_trim_r
                0x000000000000233c                _free_r
 .text          0x00000000000025a8        0x0 /Users/ravalbrijen/workspace/raspi/Raspberry-Pi/newlib-1.18.0/arm-none-eabi/newlib/libc.a(lib_a-impure.o)
 .text          0x00000000000025a8      0x19c /Users/ravalbrijen/workspace/raspi/Raspberry-Pi/newlib-1.18.0/arm-none-eabi/newlib/libc.a(lib_a-reent.o)
                0x00000000000025a8                cleanup_glue
                0x00000000000025d4                _reclaim_reent
                0x00000000000026d0                _wrapup_reent
                0x0000000000002744                text_size = SIZEOF (.text)

.rodata         0x0000000000002744       0xd4
 .rodata        0x0000000000002744       0x30 src/raspi/main.o
 .rodata        0x0000000000002774       0xa0 src/raspi/sdcard.o
 .rodata        0x0000000000002814        0x4 /Users/ravalbrijen/workspace/raspi/Raspberry-Pi/newlib-1.18.0/arm-none-eabi/newlib/libc.a(lib_a-impure.o)
                0x0000000000002814                _global_impure_ptr

.rodata.str1.4  0x0000000000002818        0x4
 .rodata.str1.4
                0x0000000000002818        0x4 /Users/ravalbrijen/workspace/raspi/Raspberry-Pi/newlib-1.18.0/arm-none-eabi/newlib/libc.a(lib_a-impure.o)

.glue_7         0x000000000000281c        0x0
 .glue_7        0x0000000000000000        0x0 linker stubs

.glue_7t        0x000000000000281c        0x0
 .glue_7t       0x0000000000000000        0x0 linker stubs

.vfp11_veneer   0x000000000000281c        0x0
 .vfp11_veneer  0x0000000000000000        0x0 linker stubs

.v4_bx          0x000000000000281c        0x0
 .v4_bx         0x0000000000000000        0x0 linker stubs

.iplt           0x000000000000281c        0x0
 .iplt          0x0000000000000000        0x0 src/raspi/setup.o

.rel.dyn        0x000000000000281c        0x0
 .rel.iplt      0x0000000000000000        0x0 src/raspi/setup.o

.data           0x0000000000002820      0x840
 *(.data)
 .data          0x0000000000002820        0x0 src/raspi/setup.o
 .data          0x0000000000002820        0x0 src/raspi/vectors.o
 .data          0x0000000000002820        0x0 src/raspi/extra.o
 .data          0x0000000000002820        0x0 src/raspi/interrupts.o
 .data          0x0000000000002820        0x0 src/raspi/main.o
 .data          0x0000000000002820        0x0 src/raspi/sdcard.o
 .data          0x0000000000002820        0x0 src/raspi/serial.o
 .data          0x0000000000002820        0x0 src/raspi/timer.o
 .data          0x0000000000002820        0x0 /Users/ravalbrijen/workspace/raspi/Raspberry-Pi/newlib-1.18.0/arm-none-eabi/newlib/libc.a(lib_a-malloc.o)
 .data          0x0000000000002820      0x410 /Users/ravalbrijen/workspace/raspi/Raspberry-Pi/newlib-1.18.0/arm-none-eabi/newlib/libc.a(lib_a-mallocr.o)
                0x0000000000002820                __malloc_av_
                0x0000000000002c28                __malloc_sbrk_base
                0x0000000000002c2c                __malloc_trim_threshold
 .data          0x0000000000002c30        0x0 /Users/ravalbrijen/workspace/raspi/Raspberry-Pi/newlib-1.18.0/arm-none-eabi/newlib/libc.a(lib_a-mlock.o)
 .data          0x0000000000002c30        0x0 /Users/ravalbrijen/workspace/raspi/Raspberry-Pi/newlib-1.18.0/arm-none-eabi/newlib/libc.a(lib_a-sbrkr.o)
 .data          0x0000000000002c30        0x0 /Users/ravalbrijen/workspace/raspi/Raspberry-Pi/newlib-1.18.0/arm-none-eabi/newlib/libc.a(lib_a-freer.o)
 .data          0x0000000000002c30      0x430 /Users/ravalbrijen/workspace/raspi/Raspberry-Pi/newlib-1.18.0/arm-none-eabi/newlib/libc.a(lib_a-impure.o)
                0x0000000000002c30                _impure_ptr
 .data          0x0000000000003060        0x0 /Users/ravalbrijen/workspace/raspi/Raspberry-Pi/newlib-1.18.0/arm-none-eabi/newlib/libc.a(lib_a-reent.o)
                0x0000000000003060                __bss_start__ = .

.igot.plt       0x0000000000003060        0x0
 .igot.plt      0x0000000000000000        0x0 src/raspi/setup.o

.bss            0x0000000000003060      0x26c
 *(.bss)
 .bss           0x0000000000003060        0x0 src/raspi/setup.o
 .bss           0x0000000000003060        0x0 src/raspi/vectors.o
 .bss           0x0000000000003060        0x0 src/raspi/extra.o
 .bss           0x0000000000003060        0x0 src/raspi/interrupts.o
 .bss           0x0000000000003060        0x0 src/raspi/main.o
 .bss           0x0000000000003060        0x0 src/raspi/sdcard.o
 .bss           0x0000000000003060        0x0 src/raspi/serial.o
 .bss           0x0000000000003060        0x0 src/raspi/timer.o
 .bss           0x0000000000003060        0x0 /Users/ravalbrijen/workspace/raspi/Raspberry-Pi/newlib-1.18.0/arm-none-eabi/newlib/libc.a(lib_a-malloc.o)
 .bss           0x0000000000003060       0x34 /Users/ravalbrijen/workspace/raspi/Raspberry-Pi/newlib-1.18.0/arm-none-eabi/newlib/libc.a(lib_a-mallocr.o)
                0x0000000000003060                __malloc_top_pad
                0x0000000000003064                __malloc_current_mallinfo
                0x000000000000308c                __malloc_max_sbrked_mem
                0x0000000000003090                __malloc_max_total_mem
 .bss           0x0000000000003094        0x0 /Users/ravalbrijen/workspace/raspi/Raspberry-Pi/newlib-1.18.0/arm-none-eabi/newlib/libc.a(lib_a-mlock.o)
 .bss           0x0000000000003094        0x0 /Users/ravalbrijen/workspace/raspi/Raspberry-Pi/newlib-1.18.0/arm-none-eabi/newlib/libc.a(lib_a-sbrkr.o)
 .bss           0x0000000000003094        0x0 /Users/ravalbrijen/workspace/raspi/Raspberry-Pi/newlib-1.18.0/arm-none-eabi/newlib/libc.a(lib_a-freer.o)
 .bss           0x0000000000003094        0x0 /Users/ravalbrijen/workspace/raspi/Raspberry-Pi/newlib-1.18.0/arm-none-eabi/newlib/libc.a(lib_a-impure.o)
 .bss           0x0000000000003094        0x0 /Users/ravalbrijen/workspace/raspi/Raspberry-Pi/newlib-1.18.0/arm-none-eabi/newlib/libc.a(lib_a-reent.o)
 COMMON         0x0000000000003094        0x4 src/raspi/interrupts.o
                0x0000000000003094                icount
 COMMON         0x0000000000003098       0x30 src/raspi/main.o
                0x0000000000003098                appendFileLocation
                0x000000000000309c                firstDataSector
                0x00000000000030a0                fileSize
                0x00000000000030a4                bytesPerSector
                0x00000000000030a8                totalClusters
                0x00000000000030ac                rootCluster
                0x00000000000030b0                sectorPerCluster
                0x00000000000030b4                unusedSectors
                0x00000000000030b8                reservedSectorCount
                0x00000000000030bc                appendStartCluster
                0x00000000000030c0                freeClusterCountUpdated
                0x00000000000030c4                appendFileSector
 COMMON         0x00000000000030c8      0x200 src/raspi/sdcard.o
                0x00000000000030c8                buffer
 COMMON         0x00000000000032c8        0x4 /Users/ravalbrijen/workspace/raspi/Raspberry-Pi/newlib-1.18.0/arm-none-eabi/newlib/libc.a(lib_a-reent.o)
                0x00000000000032c8                errno
                0x00000000000032cc                __bss_end__ = .
LOAD /Users/ravalbrijen/workspace/raspi/Raspberry-Pi/newlib-1.18.0/arm-none-eabi/newlib/libc.a
LOAD /Users/ravalbrijen/workspace/Tools/yagarto-4.7.1/lib/gcc/arm-none-eabi/4.7.1/libgcc.a
OUTPUT(bin/kernel.elf elf32-littlearm)

.ARM.attributes
                0x0000000000000000       0x36
 .ARM.attributes
                0x0000000000000000       0x28 src/raspi/setup.o
 .ARM.attributes
                0x0000000000000028       0x28 src/raspi/vectors.o
 .ARM.attributes
                0x0000000000000050       0x3a src/raspi/extra.o
 .ARM.attributes
                0x000000000000008a       0x3a src/raspi/interrupts.o
 .ARM.attributes
                0x00000000000000c4       0x3a src/raspi/main.o
 .ARM.attributes
                0x00000000000000fe       0x3a src/raspi/sdcard.o
 .ARM.attributes
                0x0000000000000138       0x3a src/raspi/serial.o
 .ARM.attributes
                0x0000000000000172       0x3a src/raspi/timer.o
 .ARM.attributes
                0x00000000000001ac       0x32 /Users/ravalbrijen/workspace/raspi/Raspberry-Pi/newlib-1.18.0/arm-none-eabi/newlib/libc.a(lib_a-malloc.o)
 .ARM.attributes
                0x00000000000001de       0x32 /Users/ravalbrijen/workspace/raspi/Raspberry-Pi/newlib-1.18.0/arm-none-eabi/newlib/libc.a(lib_a-mallocr.o)
 .ARM.attributes
                0x0000000000000210       0x32 /Users/ravalbrijen/workspace/raspi/Raspberry-Pi/newlib-1.18.0/arm-none-eabi/newlib/libc.a(lib_a-mlock.o)
 .ARM.attributes
                0x0000000000000242       0x32 /Users/ravalbrijen/workspace/raspi/Raspberry-Pi/newlib-1.18.0/arm-none-eabi/newlib/libc.a(lib_a-sbrkr.o)
 .ARM.attributes
                0x0000000000000274       0x32 /Users/ravalbrijen/workspace/raspi/Raspberry-Pi/newlib-1.18.0/arm-none-eabi/newlib/libc.a(lib_a-freer.o)
 .ARM.attributes
                0x00000000000002a6       0x32 /Users/ravalbrijen/workspace/raspi/Raspberry-Pi/newlib-1.18.0/arm-none-eabi/newlib/libc.a(lib_a-impure.o)
 .ARM.attributes
                0x00000000000002d8       0x32 /Users/ravalbrijen/workspace/raspi/Raspberry-Pi/newlib-1.18.0/arm-none-eabi/newlib/libc.a(lib_a-reent.o)

.comment        0x0000000000000000       0x11
 .comment       0x0000000000000000       0x11 src/raspi/extra.o
                                         0x12 (size before relaxing)
 .comment       0x0000000000000000       0x12 src/raspi/interrupts.o
 .comment       0x0000000000000000       0x12 src/raspi/main.o
 .comment       0x0000000000000000       0x12 src/raspi/sdcard.o
 .comment       0x0000000000000000       0x12 src/raspi/serial.o
 .comment       0x0000000000000000       0x12 src/raspi/timer.o
 .comment       0x0000000000000000       0x12 /Users/ravalbrijen/workspace/raspi/Raspberry-Pi/newlib-1.18.0/arm-none-eabi/newlib/libc.a(lib_a-malloc.o)
 .comment       0x0000000000000000       0x12 /Users/ravalbrijen/workspace/raspi/Raspberry-Pi/newlib-1.18.0/arm-none-eabi/newlib/libc.a(lib_a-mallocr.o)
 .comment       0x0000000000000000       0x12 /Users/ravalbrijen/workspace/raspi/Raspberry-Pi/newlib-1.18.0/arm-none-eabi/newlib/libc.a(lib_a-mlock.o)
 .comment       0x0000000000000000       0x12 /Users/ravalbrijen/workspace/raspi/Raspberry-Pi/newlib-1.18.0/arm-none-eabi/newlib/libc.a(lib_a-sbrkr.o)
 .comment       0x0000000000000000       0x12 /Users/ravalbrijen/workspace/raspi/Raspberry-Pi/newlib-1.18.0/arm-none-eabi/newlib/libc.a(lib_a-freer.o)
 .comment       0x0000000000000000       0x12 /Users/ravalbrijen/workspace/raspi/Raspberry-Pi/newlib-1.18.0/arm-none-eabi/newlib/libc.a(lib_a-impure.o)
 .comment       0x0000000000000000       0x12 /Users/ravalbrijen/workspace/raspi/Raspberry-Pi/newlib-1.18.0/arm-none-eabi/newlib/libc.a(lib_a-reent.o)

.debug_info     0x0000000000000000     0x59cb
 .debug_info    0x0000000000000000      0x17d src/raspi/extra.o
 .debug_info    0x000000000000017d       0x99 src/raspi/interrupts.o
 .debug_info    0x0000000000000216      0x2b3 src/raspi/main.o
 .debug_info    0x00000000000004c9      0x56a src/raspi/sdcard.o
 .debug_info    0x0000000000000a33      0x196 src/raspi/serial.o
 .debug_info    0x0000000000000bc9       0x91 src/raspi/timer.o
 .debug_info    0x0000000000000c5a      0x9f6 /Users/ravalbrijen/workspace/raspi/Raspberry-Pi/newlib-1.18.0/arm-none-eabi/newlib/libc.a(lib_a-malloc.o)
 .debug_info    0x0000000000001650      0xe85 /Users/ravalbrijen/workspace/raspi/Raspberry-Pi/newlib-1.18.0/arm-none-eabi/newlib/libc.a(lib_a-mallocr.o)
 .debug_info    0x00000000000024d5      0x989 /Users/ravalbrijen/workspace/raspi/Raspberry-Pi/newlib-1.18.0/arm-none-eabi/newlib/libc.a(lib_a-mlock.o)
 .debug_info    0x0000000000002e5e      0x9d0 /Users/ravalbrijen/workspace/raspi/Raspberry-Pi/newlib-1.18.0/arm-none-eabi/newlib/libc.a(lib_a-sbrkr.o)
 .debug_info    0x000000000000382e      0xd0e /Users/ravalbrijen/workspace/raspi/Raspberry-Pi/newlib-1.18.0/arm-none-eabi/newlib/libc.a(lib_a-freer.o)
 .debug_info    0x000000000000453c      0x965 /Users/ravalbrijen/workspace/raspi/Raspberry-Pi/newlib-1.18.0/arm-none-eabi/newlib/libc.a(lib_a-impure.o)
 .debug_info    0x0000000000004ea1      0xb2a /Users/ravalbrijen/workspace/raspi/Raspberry-Pi/newlib-1.18.0/arm-none-eabi/newlib/libc.a(lib_a-reent.o)

.debug_abbrev   0x0000000000000000     0x125d
 .debug_abbrev  0x0000000000000000       0xac src/raspi/extra.o
 .debug_abbrev  0x00000000000000ac       0x5a src/raspi/interrupts.o
 .debug_abbrev  0x0000000000000106       0xdc src/raspi/main.o
 .debug_abbrev  0x00000000000001e2      0x18f src/raspi/sdcard.o
 .debug_abbrev  0x0000000000000371       0xd1 src/raspi/serial.o
 .debug_abbrev  0x0000000000000442       0x51 src/raspi/timer.o
 .debug_abbrev  0x0000000000000493      0x1d9 /Users/ravalbrijen/workspace/raspi/Raspberry-Pi/newlib-1.18.0/arm-none-eabi/newlib/libc.a(lib_a-malloc.o)
 .debug_abbrev  0x000000000000066c      0x284 /Users/ravalbrijen/workspace/raspi/Raspberry-Pi/newlib-1.18.0/arm-none-eabi/newlib/libc.a(lib_a-mallocr.o)
 .debug_abbrev  0x00000000000008f0      0x17c /Users/ravalbrijen/workspace/raspi/Raspberry-Pi/newlib-1.18.0/arm-none-eabi/newlib/libc.a(lib_a-mlock.o)
 .debug_abbrev  0x0000000000000a6c      0x1df /Users/ravalbrijen/workspace/raspi/Raspberry-Pi/newlib-1.18.0/arm-none-eabi/newlib/libc.a(lib_a-sbrkr.o)
 .debug_abbrev  0x0000000000000c4b      0x24d /Users/ravalbrijen/workspace/raspi/Raspberry-Pi/newlib-1.18.0/arm-none-eabi/newlib/libc.a(lib_a-freer.o)
 .debug_abbrev  0x0000000000000e98      0x162 /Users/ravalbrijen/workspace/raspi/Raspberry-Pi/newlib-1.18.0/arm-none-eabi/newlib/libc.a(lib_a-impure.o)
 .debug_abbrev  0x0000000000000ffa      0x263 /Users/ravalbrijen/workspace/raspi/Raspberry-Pi/newlib-1.18.0/arm-none-eabi/newlib/libc.a(lib_a-reent.o)

.debug_loc      0x0000000000000000     0x178d
 .debug_loc     0x0000000000000000      0x134 src/raspi/extra.o
 .debug_loc     0x0000000000000134       0x2c src/raspi/interrupts.o
 .debug_loc     0x0000000000000160       0x58 src/raspi/main.o
 .debug_loc     0x00000000000001b8      0x134 src/raspi/sdcard.o
 .debug_loc     0x00000000000002ec      0x108 src/raspi/serial.o
 .debug_loc     0x00000000000003f4       0x2c src/raspi/timer.o
 .debug_loc     0x0000000000000420       0x98 /Users/ravalbrijen/workspace/raspi/Raspberry-Pi/newlib-1.18.0/arm-none-eabi/newlib/libc.a(lib_a-malloc.o)
 .debug_loc     0x00000000000004b8      0xc89 /Users/ravalbrijen/workspace/raspi/Raspberry-Pi/newlib-1.18.0/arm-none-eabi/newlib/libc.a(lib_a-mallocr.o)
 .debug_loc     0x0000000000001141       0x5f /Users/ravalbrijen/workspace/raspi/Raspberry-Pi/newlib-1.18.0/arm-none-eabi/newlib/libc.a(lib_a-sbrkr.o)
 .debug_loc     0x00000000000011a0      0x468 /Users/ravalbrijen/workspace/raspi/Raspberry-Pi/newlib-1.18.0/arm-none-eabi/newlib/libc.a(lib_a-freer.o)
 .debug_loc     0x0000000000001608      0x185 /Users/ravalbrijen/workspace/raspi/Raspberry-Pi/newlib-1.18.0/arm-none-eabi/newlib/libc.a(lib_a-reent.o)

.debug_aranges  0x0000000000000000      0x198
 .debug_aranges
                0x0000000000000000       0x20 src/raspi/extra.o
 .debug_aranges
                0x0000000000000020       0x20 src/raspi/interrupts.o
 .debug_aranges
                0x0000000000000040       0x20 src/raspi/main.o
 .debug_aranges
                0x0000000000000060       0x20 src/raspi/sdcard.o
 .debug_aranges
                0x0000000000000080       0x20 src/raspi/serial.o
 .debug_aranges
                0x00000000000000a0       0x20 src/raspi/timer.o
 .debug_aranges
                0x00000000000000c0       0x20 /Users/ravalbrijen/workspace/raspi/Raspberry-Pi/newlib-1.18.0/arm-none-eabi/newlib/libc.a(lib_a-malloc.o)
 .debug_aranges
                0x00000000000000e0       0x20 /Users/ravalbrijen/workspace/raspi/Raspberry-Pi/newlib-1.18.0/arm-none-eabi/newlib/libc.a(lib_a-mallocr.o)
 .debug_aranges
                0x0000000000000100       0x20 /Users/ravalbrijen/workspace/raspi/Raspberry-Pi/newlib-1.18.0/arm-none-eabi/newlib/libc.a(lib_a-mlock.o)
 .debug_aranges
                0x0000000000000120       0x20 /Users/ravalbrijen/workspace/raspi/Raspberry-Pi/newlib-1.18.0/arm-none-eabi/newlib/libc.a(lib_a-sbrkr.o)
 .debug_aranges
                0x0000000000000140       0x20 /Users/ravalbrijen/workspace/raspi/Raspberry-Pi/newlib-1.18.0/arm-none-eabi/newlib/libc.a(lib_a-freer.o)
 .debug_aranges
                0x0000000000000160       0x18 /Users/ravalbrijen/workspace/raspi/Raspberry-Pi/newlib-1.18.0/arm-none-eabi/newlib/libc.a(lib_a-impure.o)
 .debug_aranges
                0x0000000000000178       0x20 /Users/ravalbrijen/workspace/raspi/Raspberry-Pi/newlib-1.18.0/arm-none-eabi/newlib/libc.a(lib_a-reent.o)

.debug_line     0x0000000000000000     0x123a
 .debug_line    0x0000000000000000       0x73 src/raspi/extra.o
 .debug_line    0x0000000000000073       0x6c src/raspi/interrupts.o
 .debug_line    0x00000000000000df       0xa9 src/raspi/main.o
 .debug_line    0x0000000000000188      0x256 src/raspi/sdcard.o
 .debug_line    0x00000000000003de       0xaf src/raspi/serial.o
 .debug_line    0x000000000000048d       0x46 src/raspi/timer.o
 .debug_line    0x00000000000004d3      0x1a0 /Users/ravalbrijen/workspace/raspi/Raspberry-Pi/newlib-1.18.0/arm-none-eabi/newlib/libc.a(lib_a-malloc.o)
 .debug_line    0x0000000000000673      0x373 /Users/ravalbrijen/workspace/raspi/Raspberry-Pi/newlib-1.18.0/arm-none-eabi/newlib/libc.a(lib_a-mallocr.o)
 .debug_line    0x00000000000009e6      0x13a /Users/ravalbrijen/workspace/raspi/Raspberry-Pi/newlib-1.18.0/arm-none-eabi/newlib/libc.a(lib_a-mlock.o)
 .debug_line    0x0000000000000b20      0x1a3 /Users/ravalbrijen/workspace/raspi/Raspberry-Pi/newlib-1.18.0/arm-none-eabi/newlib/libc.a(lib_a-sbrkr.o)
 .debug_line    0x0000000000000cc3      0x26e /Users/ravalbrijen/workspace/raspi/Raspberry-Pi/newlib-1.18.0/arm-none-eabi/newlib/libc.a(lib_a-freer.o)
 .debug_line    0x0000000000000f31      0x128 /Users/ravalbrijen/workspace/raspi/Raspberry-Pi/newlib-1.18.0/arm-none-eabi/newlib/libc.a(lib_a-impure.o)
 .debug_line    0x0000000000001059      0x1e1 /Users/ravalbrijen/workspace/raspi/Raspberry-Pi/newlib-1.18.0/arm-none-eabi/newlib/libc.a(lib_a-reent.o)

.debug_str      0x0000000000000000      0xb8b
 .debug_str     0x0000000000000000       0xd5 src/raspi/extra.o
                                        0x105 (size before relaxing)
 .debug_str     0x00000000000000d5       0x2c src/raspi/interrupts.o
                                         0xe5 (size before relaxing)
 .debug_str     0x0000000000000101      0x15b src/raspi/main.o
                                        0x246 (size before relaxing)
 .debug_str     0x000000000000025c       0xe1 src/raspi/sdcard.o
                                        0x26b (size before relaxing)
 .debug_str     0x000000000000033d       0x56 src/raspi/serial.o
                                        0x114 (size before relaxing)
 .debug_str     0x0000000000000393       0x25 src/raspi/timer.o
                                         0xde (size before relaxing)
 .debug_str     0x00000000000003b8      0x40f /Users/ravalbrijen/workspace/raspi/Raspberry-Pi/newlib-1.18.0/arm-none-eabi/newlib/libc.a(lib_a-malloc.o)
                                        0x513 (size before relaxing)
 .debug_str     0x00000000000007c7      0x21d /Users/ravalbrijen/workspace/raspi/Raspberry-Pi/newlib-1.18.0/arm-none-eabi/newlib/libc.a(lib_a-mallocr.o)
                                        0x70e (size before relaxing)
 .debug_str     0x00000000000009e4       0x3e /Users/ravalbrijen/workspace/raspi/Raspberry-Pi/newlib-1.18.0/arm-none-eabi/newlib/libc.a(lib_a-mlock.o)
                                        0x508 (size before relaxing)
 .debug_str     0x0000000000000a22       0x8b /Users/ravalbrijen/workspace/raspi/Raspberry-Pi/newlib-1.18.0/arm-none-eabi/newlib/libc.a(lib_a-sbrkr.o)
                                        0x4f6 (size before relaxing)
 .debug_str     0x0000000000000aad       0x34 /Users/ravalbrijen/workspace/raspi/Raspberry-Pi/newlib-1.18.0/arm-none-eabi/newlib/libc.a(lib_a-freer.o)
                                        0x658 (size before relaxing)
 .debug_str     0x0000000000000ae1       0x48 /Users/ravalbrijen/workspace/raspi/Raspberry-Pi/newlib-1.18.0/arm-none-eabi/newlib/libc.a(lib_a-impure.o)
                                        0x4ff (size before relaxing)
 .debug_str     0x0000000000000b29       0x62 /Users/ravalbrijen/workspace/raspi/Raspberry-Pi/newlib-1.18.0/arm-none-eabi/newlib/libc.a(lib_a-reent.o)
                                        0x52c (size before relaxing)

.debug_frame    0x0000000000000000      0x474
 .debug_frame   0x0000000000000000       0xc0 src/raspi/extra.o
 .debug_frame   0x00000000000000c0       0x2c src/raspi/interrupts.o
 .debug_frame   0x00000000000000ec       0x44 src/raspi/main.o
 .debug_frame   0x0000000000000130       0xd4 src/raspi/sdcard.o
 .debug_frame   0x0000000000000204       0xb8 src/raspi/serial.o
 .debug_frame   0x00000000000002bc       0x2c src/raspi/timer.o
 .debug_frame   0x00000000000002e8       0x40 /Users/ravalbrijen/workspace/raspi/Raspberry-Pi/newlib-1.18.0/arm-none-eabi/newlib/libc.a(lib_a-malloc.o)
 .debug_frame   0x0000000000000328       0x38 /Users/ravalbrijen/workspace/raspi/Raspberry-Pi/newlib-1.18.0/arm-none-eabi/newlib/libc.a(lib_a-mallocr.o)
 .debug_frame   0x0000000000000360       0x30 /Users/ravalbrijen/workspace/raspi/Raspberry-Pi/newlib-1.18.0/arm-none-eabi/newlib/libc.a(lib_a-mlock.o)
 .debug_frame   0x0000000000000390       0x2c /Users/ravalbrijen/workspace/raspi/Raspberry-Pi/newlib-1.18.0/arm-none-eabi/newlib/libc.a(lib_a-sbrkr.o)
 .debug_frame   0x00000000000003bc       0x50 /Users/ravalbrijen/workspace/raspi/Raspberry-Pi/newlib-1.18.0/arm-none-eabi/newlib/libc.a(lib_a-freer.o)
 .debug_frame   0x000000000000040c       0x68 /Users/ravalbrijen/workspace/raspi/Raspberry-Pi/newlib-1.18.0/arm-none-eabi/newlib/libc.a(lib_a-reent.o)

.debug_ranges   0x0000000000000000       0x50
 .debug_ranges  0x0000000000000000       0x50 /Users/ravalbrijen/workspace/raspi/Raspberry-Pi/newlib-1.18.0/arm-none-eabi/newlib/libc.a(lib_a-mallocr.o)
